Archive member included because of file (symbol)

contiki-sky.a(contiki-sky-pla)
                              obj_sky/contiki-sky-main.o (init_platform)
contiki-sky.a(button-sensor.o)
                              contiki-sky.a(contiki-sky-pla) (button_sensor)
contiki-sky.a(ds2411.o)       obj_sky/contiki-sky-main.o (ds2411_init)
contiki-sky.a(xmem.o)         obj_sky/contiki-sky-main.o (xmem_init)
contiki-sky.a(node-id.o)      obj_sky/contiki-sky-main.o (node_id_restore)
contiki-sky.a(sensors.o)      contiki-sky.a(button-sensor.o) (sensors_changed)
contiki-sky.a(cc2420.o)       obj_sky/contiki-sky-main.o (cc2420_set_pan_addr)
contiki-sky.a(cc2420-arch.o)  contiki-sky.a(cc2420.o) (cc2420_arch_init)
contiki-sky.a(uart1.o)        obj_sky/contiki-sky-main.o (uart1_active)
contiki-sky.a(uart1-putchar.o)
                              obj_sky/contiki-sky-main.o (putchar)
contiki-sky.a(msp430.o)       contiki-sky.a(uart1.o) (msp430_add_lpm_req)
contiki-sky.a(clock.o)        obj_sky/contiki-sky-main.o (clock_init)
contiki-sky.a(leds.o)         obj_sky/contiki-sky-main.o (leds_init)
contiki-sky.a(leds-arch.o)    contiki-sky.a(leds.o) (leds_arch_init)
contiki-sky.a(watchdog.o)     obj_sky/contiki-sky-main.o (watchdog_start)
contiki-sky.a(rtimer-arch.o)  obj_sky/contiki-sky-main.o (rtimer_arch_now)
contiki-sky.a(autostart.o)    obj_sky/contiki-sky-main.o (autostart_start)
contiki-sky.a(ctimer.o)       obj_sky/contiki-sky-main.o (ctimer_init)
contiki-sky.a(energest.o)     obj_sky/contiki-sky-main.o (energest_init)
contiki-sky.a(etimer.o)       contiki-sky.a(clock.o) (etimer_request_poll)
contiki-sky.a(process.o)      contiki-sky.a(ctimer.o) (process_current)
contiki-sky.a(rtimer.o)       obj_sky/contiki-sky-main.o (rtimer_init)
contiki-sky.a(timer.o)        obj_sky/contiki-sky-main.o (timer_set)
contiki-sky.a(list.o)         contiki-sky.a(ctimer.o) (list_init)
contiki-sky.a(random.o)       obj_sky/contiki-sky-main.o (random_init)
contiki-sky.a(sicslowpan.o)   obj_sky/contiki-sky-main.o (sicslowpan_driver)
contiki-sky.a(uip6.o)         contiki-sky.a(sicslowpan.o) (uip_aligned_buf)
contiki-sky.a(uip-ds6.o)      contiki-sky.a(uip6.o) (uip_ds6_is_addr_onlink)
contiki-sky.a(uip-ds6-nbr.o)  contiki-sky.a(uip-ds6.o) (uip_ds6_neighbors_init)
contiki-sky.a(uip-ds6-route.o)
                              contiki-sky.a(uip-ds6.o) (uip_ds6_route_init)
contiki-sky.a(uip-icmp6.o)    contiki-sky.a(uip6.o) (uip_icmp6_input)
contiki-sky.a(uip-nd6.o)      contiki-sky.a(uip6.o) (uip_nd6_init)
contiki-sky.a(simple-udp.o)   obj_sky/mqtt_sn.o (simple_udp_send)
contiki-sky.a(tcpip.o)        contiki-sky.a(sicslowpan.o) (tcpip_set_outputfunc)
contiki-sky.a(uip-debug.o)    obj_sky/mqtt_sn.o (uip_debug_ipaddr_print)
contiki-sky.a(uip-udp-packet.)
                              contiki-sky.a(simple-udp.o) (uip_udp_packet_sendto)
contiki-sky.a(rpl.o)          contiki-sky.a(uip-ds6-nbr.o) (rpl_link_neighbor_callback)
contiki-sky.a(rpl-dag.o)      contiki-sky.a(rpl.o) (default_instance)
contiki-sky.a(rpl-ext-header.)
                              contiki-sky.a(uip6.o) (rpl_verify_header)
contiki-sky.a(rpl-icmp6.o)    contiki-sky.a(rpl.o) (dao_output_target)
contiki-sky.a(rpl-mrhof.o)    contiki-sky.a(rpl.o) (rpl_mrhof)
contiki-sky.a(rpl-timers.o)   contiki-sky.a(rpl.o) (rpl_reset_periodic_timer)
contiki-sky.a(framer-802154.o)
                              contiki-sky.a(sicslowpan.o) (framer_802154)
contiki-sky.a(framer.o)       contiki-sky.a(framer-802154.o) (framer_canonical_create_and_secure)
contiki-sky.a(nullmac.o)      obj_sky/contiki-sky-main.o (nullmac_driver)
contiki-sky.a(nullrdc.o)      obj_sky/contiki-sky-main.o (nullrdc_driver)
contiki-sky.a(linkaddr.o)     obj_sky/contiki-sky-main.o (linkaddr_copy)
contiki-sky.a(nbr-table.o)    contiki-sky.a(uip-ds6-nbr.o) (nbr_table_register)
contiki-sky.a(packetbuf.o)    contiki-sky.a(framer.o) (packetbuf_compact)
contiki-sky.a(queuebuf.o)     obj_sky/contiki-sky-main.o (queuebuf_init)
contiki-sky.a(nullsec.o)      obj_sky/contiki-sky-main.o (nullsec_driver)
contiki-sky.a(spi.o)          contiki-sky.a(xmem.o) (spi_init)
contiki-sky.a(stimer.o)       contiki-sky.a(uip-ds6.o) (stimer_set)
contiki-sky.a(memb.o)         contiki-sky.a(uip-ds6-route.o) (memb_init)
contiki-sky.a(frame802154.o)  contiki-sky.a(framer-802154.o) (frame802154_hdrlen)
contiki-sky.a(mac.o)          contiki-sky.a(nullrdc.o) (mac_call_sent_callback)
/usr/lib/gcc/msp430/4.6.3/mmpy-16/libgcc.a(_mulsi3.o)
                              contiki-sky.a(rpl.o) (__mulsi3)
/usr/lib/gcc/msp430/4.6.3/mmpy-16/libgcc.a(_udivmod16.o)
                              contiki-sky.a(rpl-dag.o) (__udivhi3)
/usr/lib/gcc/msp430/4.6.3/mmpy-16/libgcc.a(_divmod16.o)
                              contiki-sky.a(sicslowpan.o) (__divhi3)
/usr/lib/gcc/msp430/4.6.3/mmpy-16/libgcc.a(_udivmod32.o)
                              obj_sky/contiki-sky-main.o (__udivsi3)
/usr/lib/gcc/msp430/4.6.3/../../../../msp430/lib/mmpy-16/libc.a(strchr.o)
[...]
Memory Configuration

Name             Origin             Length             Attributes
sfr              0x00000000         0x00000010
peripheral_8bit  0x00000010         0x000000f0
peripheral_16bit 0x00000100         0x00000100
ram_mirror       0x00000200         0x00000800         xw
infomem          0x00001000         0x00000100
infob            0x00001000         0x00000080
infoa            0x00001080         0x00000080
ram              0x00001100         0x00002800         xw
rom              0x00004000         0x0000bfe0         xr
vectors          0x0000ffe0         0x00000020
bsl              0x00000000         0x00000000
infoc            0x00000000         0x00000000
infod            0x00000000         0x00000000
ram2             0x00000000         0x00000000         xw
usbram           0x00000000         0x00000000         xw
far_rom          0x00000000         0x00000000
*default*        0x00000000         0xffffffff

Linker script and memory map

LOAD /usr/lib/gcc/msp430/4.6.3/mmpy-16/crt0ivtbl16.o
LOAD main_core.co
LOAD obj_sky/mqtt_sn.o
LOAD obj_sky/contiki-sky-main.o
LOAD contiki-sky.a
LOAD /usr/lib/gcc/msp430/4.6.3/mmpy-16/libgcc.a
LOAD /usr/lib/gcc/msp430/4.6.3/../../../../msp430/lib/mmpy-16/libc.a
LOAD /usr/lib/gcc/msp430/4.6.3/mmpy-16/libgcc.a
LOAD /usr/lib/gcc/msp430/4.6.3/mmpy-16/libcrt0.a
                0x00000080                PROVIDE (__info_segment_size, 0x80)
                0x00001000                PROVIDE (__infob, 0x1000)
                0x00001080                PROVIDE (__infoa, 0x1080)
                0x00000000                __IE1 = 0x0
                0x00000002                __IFG1 = 0x2
                0x00000004                __ME1 = 0x4
                0x00000001                __IE2 = 0x1
                0x00000003                __IFG2 = 0x3
                0x00000005                __ME2 = 0x5
                0x00000120                __WDTCTL = 0x120
                0x00000130                __MPY = 0x130
                0x00000132                __MPYS = 0x132
                0x00000134                __MAC = 0x134
                0x00000136                __MACS = 0x136
                0x00000138                __OP2 = 0x138
                0x0000013a                __RESLO = 0x13a
                0x0000013c                __RESHI = 0x13c
                0x0000013e                __SUMEXT = 0x13e
                0x00000020                __P1IN = 0x20
                0x00000021                __P1OUT = 0x21
                0x00000022                __P1DIR = 0x22
                0x00000023                __P1IFG = 0x23
                0x00000024                __P1IES = 0x24
                0x00000025                __P1IE = 0x25
                0x00000026                __P1SEL = 0x26
                0x00000028                __P2IN = 0x28
                0x00000029                __P2OUT = 0x29
                0x0000002a                __P2DIR = 0x2a
                0x0000002b                __P2IFG = 0x2b
                0x0000002c                __P2IES = 0x2c
                0x0000002d                __P2IE = 0x2d
                0x0000002e                __P2SEL = 0x2e
                0x00000018                __P3IN = 0x18
                0x00000019                __P3OUT = 0x19
                0x0000001a                __P3DIR = 0x1a
                0x0000001b                __P3SEL = 0x1b
                0x0000001c                __P4IN = 0x1c
                0x0000001d                __P4OUT = 0x1d
                0x0000001e                __P4DIR = 0x1e
                0x0000001f                __P4SEL = 0x1f
                0x00000030                __P5IN = 0x30
                0x00000031                __P5OUT = 0x31
                0x00000032                __P5DIR = 0x32
                0x00000033                __P5SEL = 0x33
                0x00000034                __P6IN = 0x34
                0x00000035                __P6OUT = 0x35
                0x00000036                __P6DIR = 0x36
                0x00000037                __P6SEL = 0x37
                0x00000070                __U0CTL = 0x70
                0x00000071                __U0TCTL = 0x71
                0x00000072                __U0RCTL = 0x72
                0x00000073                __U0MCTL = 0x73
                0x00000074                __U0BR0 = 0x74
                0x00000075                __U0BR1 = 0x75
                0x00000076                __U0RXBUF = 0x76
                0x00000077                __U0TXBUF = 0x77
                0x00000078                __U1CTL = 0x78
                0x00000079                __U1TCTL = 0x79
                0x0000007a                __U1RCTL = 0x7a
                0x0000007b                __U1MCTL = 0x7b
                0x0000007c                __U1BR0 = 0x7c
                0x0000007d                __U1BR1 = 0x7d
                0x0000007e                __U1RXBUF = 0x7e
                0x0000007f                __U1TXBUF = 0x7f
                0x00000050                __I2CIE = 0x50
                0x00000051                __I2CIFG = 0x51
                0x00000052                __I2CNDAT = 0x52
                0x00000071                __I2CTCTL = 0x71
                0x00000072                __I2CDCTL = 0x72
                0x00000073                __I2CPSC = 0x73
                0x00000074                __I2CSCLH = 0x74
                0x00000075                __I2CSCLL = 0x75
                0x00000076                __I2CDRB = 0x76
                0x00000076                __I2CDRW = 0x76
                0x00000118                __I2COA = 0x118
                0x0000011a                __I2CSA = 0x11a
                0x0000011c                __I2CIV = 0x11c
                0x0000012e                __TAIV = 0x12e
                0x00000160                __TACTL = 0x160
                0x00000162                __TACCTL0 = 0x162
                0x00000164                __TACCTL1 = 0x164
                0x00000166                __TACCTL2 = 0x166
                0x00000170                __TAR = 0x170
                0x00000172                __TACCR0 = 0x172
                0x00000174                __TACCR1 = 0x174
                0x00000176                __TACCR2 = 0x176
                0x0000011e                __TBIV = 0x11e
                0x00000180                __TBCTL = 0x180
                0x00000182                __TBCCTL0 = 0x182
                0x00000184                __TBCCTL1 = 0x184
                0x00000186                __TBCCTL2 = 0x186
                0x00000188                __TBCCTL3 = 0x188
                0x0000018a                __TBCCTL4 = 0x18a
                0x0000018c                __TBCCTL5 = 0x18c
                0x0000018e                __TBCCTL6 = 0x18e
                0x00000190                __TBR = 0x190
                0x00000192                __TBCCR0 = 0x192
                0x00000194                __TBCCR1 = 0x194
                0x00000196                __TBCCR2 = 0x196
                0x00000198                __TBCCR3 = 0x198
                0x0000019a                __TBCCR4 = 0x19a
                0x0000019c                __TBCCR5 = 0x19c
                0x0000019e                __TBCCR6 = 0x19e
                0x00000056                __DCOCTL = 0x56
                0x00000057                __BCSCTL1 = 0x57
                0x00000058                __BCSCTL2 = 0x58
                0x00000055                __SVSCTL = 0x55
                0x00000128                __FCTL1 = 0x128
                0x0000012a                __FCTL2 = 0x12a
                0x0000012c                __FCTL3 = 0x12c
                0x00000059                __CACTL1 = 0x59
                0x0000005a                __CACTL2 = 0x5a
                0x0000005b                __CAPD = 0x5b
                0x000001a0                __ADC12CTL0 = 0x1a0
                0x000001a2                __ADC12CTL1 = 0x1a2
                0x000001a4                __ADC12IFG = 0x1a4
                0x000001a6                __ADC12IE = 0x1a6
                0x000001a8                __ADC12IV = 0x1a8
                0x00000140                __ADC12MEM0 = 0x140
                0x00000142                __ADC12MEM1 = 0x142
                0x00000144                __ADC12MEM2 = 0x144
                0x00000146                __ADC12MEM3 = 0x146
                0x00000148                __ADC12MEM4 = 0x148
                0x0000014a                __ADC12MEM5 = 0x14a
                0x0000014c                __ADC12MEM6 = 0x14c
                0x0000014e                __ADC12MEM7 = 0x14e
                0x00000150                __ADC12MEM8 = 0x150
                0x00000152                __ADC12MEM9 = 0x152
                0x00000154                __ADC12MEM10 = 0x154
                0x00000156                __ADC12MEM11 = 0x156
                0x00000158                __ADC12MEM12 = 0x158
                0x0000015a                __ADC12MEM13 = 0x15a
                0x0000015c                __ADC12MEM14 = 0x15c
                0x0000015e                __ADC12MEM15 = 0x15e
                0x00000080                __ADC12MCTL0 = 0x80
                0x00000081                __ADC12MCTL1 = 0x81
                0x00000082                __ADC12MCTL2 = 0x82
                0x00000083                __ADC12MCTL3 = 0x83
                0x00000084                __ADC12MCTL4 = 0x84
                0x00000085                __ADC12MCTL5 = 0x85
                0x00000086                __ADC12MCTL6 = 0x86
                0x00000087                __ADC12MCTL7 = 0x87
                0x00000088                __ADC12MCTL8 = 0x88
                0x00000089                __ADC12MCTL9 = 0x89
                0x0000008a                __ADC12MCTL10 = 0x8a
                0x0000008b                __ADC12MCTL11 = 0x8b
                0x0000008c                __ADC12MCTL12 = 0x8c
                0x0000008d                __ADC12MCTL13 = 0x8d
                0x0000008e                __ADC12MCTL14 = 0x8e
                0x0000008f                __ADC12MCTL15 = 0x8f
                0x000001c0                __DAC12_0CTL = 0x1c0
                0x000001c2                __DAC12_1CTL = 0x1c2
                0x000001c8                __DAC12_0DAT = 0x1c8
                0x000001ca                __DAC12_1DAT = 0x1ca
                0x00000122                __DMACTL0 = 0x122
                0x00000124                __DMACTL1 = 0x124
                0x000001e0                __DMA0CTL = 0x1e0
                0x000001e8                __DMA1CTL = 0x1e8
                0x000001f0                __DMA2CTL = 0x1f0
                0x000001e2                __DMA0SA = 0x1e2
                0x000001e4                __DMA0DA = 0x1e4
                0x000001e6                __DMA0SZ = 0x1e6
                0x000001ea                __DMA1SA = 0x1ea
                0x000001ec                __DMA1DA = 0x1ec
                0x000001ee                __DMA1SZ = 0x1ee
                0x000001f2                __DMA2SA = 0x1f2
                0x000001f4                __DMA2DA = 0x1f4
                0x000001f6                __DMA2SZ = 0x1f6

.hash
 *(.hash)

.dynsym
 *(.dynsym)

.dynstr
 *(.dynstr)

.gnu.version
 *(.gnu.version)

.gnu.version_d
 *(.gnu.version_d)

.gnu.version_r
 *(.gnu.version_r)

.rel.init
 *(.rel.init)

.rela.init
 *(.rela.init)

.rel.fini
 *(.rel.fini)

.rela.fini
 *(.rela.fini)

.rel.text
 *(.rel.text .rel.text.* .rel.gnu.linkonce.t.*)

.rela.text
 *(.rela.text .rela.text.* .rela.gnu.linkonce.t.*)

.rel.rodata
 *(.rel.rodata .rel.rodata.* .rel.gnu.linkonce.r.*)

.rela.rodata
 *(.rela.rodata .rela.rodata.* .rela.gnu.linkonce.r.*)

.rel.data
 *(.rel.data .rel.data.* .rel.gnu.linkonce.d.*)

.rela.data
 *(.rela.data .rela.data.* .rela.gnu.linkonce.d.*)

.rel.bss
 *(.rel.bss .rel.bss.* .rel.gnu.linkonce.b.*)

.rela.bss
 *(.rela.bss .rela.bss.* .rela.gnu.linkonce.b.*)

.rel.ctors
 *(.rel.ctors)

.rela.ctors
 *(.rela.ctors)

.rel.dtors
 *(.rel.dtors)

.rela.dtors
 *(.rela.dtors)

.rel.got
 *(.rel.got)

.rela.got
 *(.rela.got)

.rel.plt
 *(.rel.plt)

.rela.plt
 *(.rela.plt)

.text           0x00004000     0xa41c
                0x00004000                . = ALIGN (0x2)
 *(.init .init.*)
 *(.init0)
 .init0         0x00004000        0x0 /usr/lib/gcc/msp430/4.6.3/mmpy-16/libcrt0.a(_reset_vector__.o)
                0x00004000                _reset_vector__
 *(.init1)
 .init1         0x00004000        0xc /usr/lib/gcc/msp430/4.6.3/mmpy-16/libcrt0.a(__watchdog_support.o)
                0x00004000                __watchdog_support
 *(.init2)
 .init2         0x0000400c        0x4 /usr/lib/gcc/msp430/4.6.3/mmpy-16/libcrt0.a(__init_stack.o)
                0x0000400c                __init_stack
 *(.init3)
 .init3         0x00004010        0x0 /usr/lib/gcc/msp430/4.6.3/mmpy-16/libcrt0.a(__low_level_init.o)
                0x00004010                __low_level_init
 *(.init4)
 .init4         0x00004010       0x18 /usr/lib/gcc/msp430/4.6.3/mmpy-16/libcrt0.a(_copy_data.o)
                0x00004010                __do_copy_data
 .init4         0x00004028       0x16 /usr/lib/gcc/msp430/4.6.3/mmpy-16/libcrt0.a(_clear_bss.o)
                0x00004028                __do_clear_bss
 *(.init5)
 *(.init6)
 *(.init7)
 *(.init8)
 *(.init9)
 .init9         0x0000403e      0x2d8 obj_sky/contiki-sky-main.o
                0x0000403e                main
 *(.fini9)
 .fini9         0x00004316        0x0 /usr/lib/gcc/msp430/4.6.3/mmpy-16/libcrt0.a(__stop_progExec__.o)
                0x00004316                __stop_progExec__
 *(.fini8)
 *(.fini7)
 *(.fini6)
 *(.fini5)
 *(.fini4)
 *(.fini3)
 *(.fini2)
 *(.fini1)
 *(.fini0)
 .fini0         0x00004316        0x6 /usr/lib/gcc/msp430/4.6.3/mmpy-16/libcrt0.a(_endless_loop__.o)
                0x00004316                _endless_loop__
 *(.fini .fini.*)
                0x0000431c                . = ALIGN (0x2)
                0x0000431c                __ctors_start = .
 *(.ctors)
                0x0000431c                __ctors_end = .
                0x0000431c                __dtors_start = .
 *(.dtors)
                0x0000431c                __dtors_end = .
                0x0000431c                . = ALIGN (0x2)
 *(.text .text.* .gnu.linkonce.t.*)
 .text          0x0000431c        0x4 /usr/lib/gcc/msp430/4.6.3/mmpy-16/crt0ivtbl16.o
                0x0000431c                __isr_14
                0x0000431c                __isr_11
                0x0000431c                __isr_2
                0x0000431c                __isr_7
                0x0000431c                __isr_0
                0x0000431c                __isr_8
                0x0000431c                __isr_3
                0x0000431c                __isr_12
                0x0000431c                __isr_13
                0x0000431c                __isr_9
 .text.mqtt_sn_callback
                0x00004320       0x2e main_core.co
                0x00004320                mqtt_sn_callback
 .text.init_broker
                0x0000434e       0xe2 main_core.co
                0x0000434e                init_broker
 .text.process_thread_init_system_process
                0x00004430       0x76 main_core.co
 .text.unlock_tasks
                0x000044a6        0xe obj_sky/mqtt_sn.o
                0x000044a6                unlock_tasks
 .text.parse_mqtt_type_string
                0x000044b4       0x68 obj_sky/mqtt_sn.o
                0x000044b4                parse_mqtt_type_string
 .text.mqtt_sn_get_qos_flag
                0x0000451c       0x12 obj_sky/mqtt_sn.o
                0x0000451c                mqtt_sn_get_qos_flag
 .text.verf_hist_sub
                0x0000452e       0x50 obj_sky/mqtt_sn.o
                0x0000452e                verf_hist_sub
 .text.verf_register
                0x0000457e       0x2a obj_sky/mqtt_sn.o
                0x0000457e                verf_register
 .text.mqtt_sn_will_topic_send
                0x000045a8       0x62 obj_sky/mqtt_sn.o
                0x000045a8                mqtt_sn_will_topic_send
 .text.mqtt_sn_will_message_send
                0x0000460a       0x5c obj_sky/mqtt_sn.o
                0x0000460a                mqtt_sn_will_message_send
 .text.mqtt_sn_ping_send
                0x00004666       0x68 obj_sky/mqtt_sn.o
                0x00004666                mqtt_sn_ping_send
 .text.timeout_ping_mqtt
                0x000046ce       0x50 obj_sky/mqtt_sn.o
                0x000046ce                timeout_ping_mqtt
 .text.mqtt_sn_con_send
                0x0000471e       0x90 obj_sky/mqtt_sn.o
                0x0000471e                mqtt_sn_con_send
 .text.mqtt_sn_reg_send
                0x000047ae       0xa6 obj_sky/mqtt_sn.o
                0x000047ae                mqtt_sn_reg_send
 .text.mqtt_sn_regack_send
                0x00004854       0x40 obj_sky/mqtt_sn.o
                0x00004854                mqtt_sn_regack_send
 .text.mqtt_sn_pub_send
                0x00004894       0xe6 obj_sky/mqtt_sn.o
                0x00004894                mqtt_sn_pub_send
 .text.mqtt_sn_pub
                0x0000497a       0x3e obj_sky/mqtt_sn.o
                0x0000497a                mqtt_sn_pub
 .text.mqtt_sn_sub_send
                0x000049b8       0x88 obj_sky/mqtt_sn.o
                0x000049b8                mqtt_sn_sub_send
 .text.timeout_con
                0x00004a40       0xb8 obj_sky/mqtt_sn.o
                0x00004a40                timeout_con
 .text.mqtt_sn_sub_send_wildcard
                0x00004af8       0x88 obj_sky/mqtt_sn.o
                0x00004af8                mqtt_sn_sub_send_wildcard
 .text.mqtt_sn_insert_queue
                0x00004b80       0xa0 obj_sky/mqtt_sn.o
                0x00004b80                mqtt_sn_insert_queue
 .text.mqtt_sn_sub_wildcard
                0x00004c20       0x36 obj_sky/mqtt_sn.o
                0x00004c20                mqtt_sn_sub_wildcard
 .text.mqtt_sn_sub
                0x00004c56       0xa4 obj_sky/mqtt_sn.o
                0x00004c56                mqtt_sn_sub
 .text.mqtt_sn_delete_queue
                0x00004cfa       0x82 obj_sky/mqtt_sn.o
                0x00004cfa                mqtt_sn_delete_queue
 .text.mqtt_sn_check_empty
                0x00004d7c        0xc obj_sky/mqtt_sn.o
                0x00004d7c                mqtt_sn_check_empty
 .text.init_vectors
                0x00004d88       0x2c obj_sky/mqtt_sn.o
                0x00004d88                init_vectors
 .text.mqtt_sn_recv_parser
                0x00004db4      0x1e8 obj_sky/mqtt_sn.o
                0x00004db4                mqtt_sn_recv_parser
 .text.mqtt_sn_udp_rec_cb
                0x00004f9c        0xa obj_sky/mqtt_sn.o
                0x00004f9c                mqtt_sn_udp_rec_cb
 .text.mqtt_sn_create_sck
                0x00004fa6      0x1da obj_sky/mqtt_sn.o
                0x00004fa6                mqtt_sn_create_sck
 .text.process_thread_mqtt_sn_main
                0x00005180      0x336 obj_sky/mqtt_sn.o
 .text.mqtt_sn_init
                0x000054b6       0x70 obj_sky/mqtt_sn.o
                0x000054b6                mqtt_sn_init
 .text.start_network_layer
                0x00005526       0xa2 obj_sky/contiki-sky-main.o
 .text.init_platform
                0x000055c8        0xc contiki-sky.a(contiki-sky-pla)
                0x000055c8                init_platform
 .text.status   0x000055d4       0x16 contiki-sky.a(button-sensor.o)
 .text.configure
                0x000055ea       0x52 contiki-sky.a(button-sensor.o)
 .text.value    0x0000563c       0x22 contiki-sky.a(button-sensor.o)
 .text.irq_p2   0x0000565e       0x8a contiki-sky.a(button-sensor.o)
                0x0000565e                irq_p2
                0x0000565e                __isr_1
 .text.owreadb  0x000056e8       0x52 contiki-sky.a(ds2411.o)
 .text.ds2411_init
                0x0000573a      0x122 contiki-sky.a(ds2411.o)
                0x0000573a                ds2411_init
 .text.wait_ready
                0x0000585c       0x50 contiki-sky.a(xmem.o)
 .text.xmem_init
                0x000058ac       0x3e contiki-sky.a(xmem.o)
                0x000058ac                xmem_init
 .text.xmem_pread
                0x000058ea       0xea contiki-sky.a(xmem.o)
                0x000058ea                xmem_pread
 .text.node_id_restore
                0x000059d4       0x38 contiki-sky.a(node-id.o)
                0x000059d4                node_id_restore
 .text.process_thread_sensors_process
                0x00005a0c       0xbe contiki-sky.a(sensors.o)
 .text.sensors_changed
                0x00005aca       0x2a contiki-sky.a(sensors.o)
                0x00005aca                sensors_changed
 .text.get_object
                0x00005af4        0x4 contiki-sky.a(cc2420.o)
 .text.set_object
                0x00005af8        0x4 contiki-sky.a(cc2420.o)
 .text.strobe   0x00005afc       0x20 contiki-sky.a(cc2420.o)
 .text.getreg   0x00005b1c       0x54 contiki-sky.a(cc2420.o)
 .text.setreg   0x00005b70       0x52 contiki-sky.a(cc2420.o)
 .text.write_ram
                0x00005bc2       0x80 contiki-sky.a(cc2420.o)
 .text.write_fifo_buf
                0x00005c42       0x40 contiki-sky.a(cc2420.o)
 .text.get_status
                0x00005c82       0x24 contiki-sky.a(cc2420.o)
 .text.set_txpower
                0x00005ca6       0x26 contiki-sky.a(cc2420.o)
 .text.cc2420_receiving_packet
                0x00005ccc        0xe contiki-sky.a(cc2420.o)
 .text.pending_packet
                0x00005cda        0x8 contiki-sky.a(cc2420.o)
 .text.on       0x00005ce2       0x1e contiki-sky.a(cc2420.o)
 .text.wait_for_transmission
                0x00005d00       0x22 contiki-sky.a(cc2420.o)
 .text.wait_for_status
                0x00005d22       0x2a contiki-sky.a(cc2420.o)
 .text.getrxdata
                0x00005d4c       0x56 contiki-sky.a(cc2420.o)
 .text.flushrx  0x00005da2       0x1a contiki-sky.a(cc2420.o)
 .text.off      0x00005dbc       0x5a contiki-sky.a(cc2420.o)
 .text.RELEASE_LOCK
                0x00005e16       0x28 contiki-sky.a(cc2420.o)
 .text.set_key  0x00005e3e       0x18 contiki-sky.a(cc2420.o)
 .text.cc2420_prepare
                0x00005e56       0x3c contiki-sky.a(cc2420.o)
 .text.cc2420_on
                0x00005e92       0x22 contiki-sky.a(cc2420.o)
                0x00005e92                cc2420_on
 .text.cc2420_off
                0x00005eb4       0x30 contiki-sky.a(cc2420.o)
                0x00005eb4                cc2420_off
 .text.cc2420_cca
                0x00005ee4       0x5e contiki-sky.a(cc2420.o)
 .text.cc2420_read
                0x00005f42       0xb0 contiki-sky.a(cc2420.o)
 .text.process_thread_cc2420_process
                0x00005ff2       0x50 contiki-sky.a(cc2420.o)
 .text.encrypt  0x00006042       0x8e contiki-sky.a(cc2420.o)
 .text.cc2420_set_channel
                0x000060d0       0x3c contiki-sky.a(cc2420.o)
                0x000060d0                cc2420_set_channel
 .text.cc2420_set_pan_addr
                0x0000610c       0x4c contiki-sky.a(cc2420.o)
                0x0000610c                cc2420_set_pan_addr
 .text.cc2420_interrupt
                0x00006158       0x18 contiki-sky.a(cc2420.o)
                0x00006158                cc2420_interrupt
 .text.cc2420_set_txpower
                0x00006170        0xe contiki-sky.a(cc2420.o)
                0x00006170                cc2420_set_txpower
 .text.cc2420_get_txpower
                0x0000617e       0x1e contiki-sky.a(cc2420.o)
                0x0000617e                cc2420_get_txpower
 .text.cc2420_transmit
                0x0000619c      0x10e contiki-sky.a(cc2420.o)
 .text.cc2420_send
                0x000062aa       0x12 contiki-sky.a(cc2420.o)
 .text.cc2420_rssi
                0x000062bc       0x4c contiki-sky.a(cc2420.o)
                0x000062bc                cc2420_rssi
 .text.get_value
                0x00006308       0xac contiki-sky.a(cc2420.o)
 .text.cc2420_set_cca_threshold
                0x000063b4       0x16 contiki-sky.a(cc2420.o)
                0x000063b4                cc2420_set_cca_threshold
 .text.set_value
                0x000063ca       0x8a contiki-sky.a(cc2420.o)
 .text.cc2420_init
                0x00006454       0xde contiki-sky.a(cc2420.o)
                0x00006454                cc2420_init
 .text.cc2420_port1_interrupt
                0x00006532       0x62 contiki-sky.a(cc2420-arch.o)
                0x00006532                __isr_4
                0x00006532                cc2420_port1_interrupt
 .text.cc2420_arch_init
                0x00006594       0x1a contiki-sky.a(cc2420-arch.o)
                0x00006594                cc2420_arch_init
 .text.uart1_active
                0x000065ae       0x1a contiki-sky.a(uart1.o)
                0x000065ae                uart1_active
 .text.uart1_writeb
                0x000065c8       0x1a contiki-sky.a(uart1.o)
                0x000065c8                uart1_writeb
 .text.uart1_init
                0x000065e2       0xf6 contiki-sky.a(uart1.o)
                0x000065e2                uart1_init
 .text.putchar  0x000066d8       0x10 contiki-sky.a(uart1-putchar.o)
                0x000066d8                putchar
 .text.msp430_init_dco
                0x000066e8       0x84 contiki-sky.a(msp430.o)
                0x000066e8                msp430_init_dco
 .text.msp430_add_lpm_req
                0x0000676c        0xc contiki-sky.a(msp430.o)
                0x0000676c                msp430_add_lpm_req
 .text.msp430_cpu_init
                0x00006778       0x2a contiki-sky.a(msp430.o)
                0x00006778                msp430_cpu_init
 .text.splhigh_
                0x000067a2        0x8 contiki-sky.a(msp430.o)
                0x000067a2                splhigh_
 .text.msp430_sync_dco
                0x000067aa       0x68 contiki-sky.a(msp430.o)
                0x000067aa                msp430_sync_dco
 .text.timera1  0x00006812      0x11e contiki-sky.a(clock.o)
                0x00006812                __isr_5
                0x00006812                timera1
 .text.clock_time
                0x00006930       0x1a contiki-sky.a(clock.o)
                0x00006930                clock_time
 .text.clock_init
                0x0000694a       0x28 contiki-sky.a(clock.o)
                0x0000694a                clock_init
 .text.clock_delay
                0x00006972        0xc contiki-sky.a(clock.o)
                0x00006972                clock_delay
 .text.clock_seconds
                0x0000697e       0x1a contiki-sky.a(clock.o)
                0x0000697e                clock_seconds
 .text.show_leds
                0x00006998       0xf6 contiki-sky.a(leds.o)
 .text.leds_init
                0x00006a8e        0xa contiki-sky.a(leds.o)
                0x00006a8e                leds_init
 .text.leds_on  0x00006a98        0xa contiki-sky.a(leds.o)
                0x00006a98                leds_on
 .text.leds_off
                0x00006aa2        0xe contiki-sky.a(leds.o)
                0x00006aa2                leds_off
 .text.leds_arch_init
                0x00006ab0        0xe contiki-sky.a(leds-arch.o)
                0x00006ab0                leds_arch_init
 .text.leds_arch_set
                0x00006abe       0x3a contiki-sky.a(leds-arch.o)
                0x00006abe                leds_arch_set
 .text.watchdog_interrupt
                0x00006af8        0x6 contiki-sky.a(watchdog.o)
                0x00006af8                __isr_10
                0x00006af8                watchdog_interrupt
 .text.watchdog_start
                0x00006afe       0x14 contiki-sky.a(watchdog.o)
                0x00006afe                watchdog_start
 .text.watchdog_periodic
                0x00006b12       0x12 contiki-sky.a(watchdog.o)
                0x00006b12                watchdog_periodic
 .text.watchdog_stop
                0x00006b24       0x16 contiki-sky.a(watchdog.o)
                0x00006b24                watchdog_stop
 .text.watchdog_init
                0x00006b3a       0x14 contiki-sky.a(watchdog.o)
                0x00006b3a                watchdog_init
 .text.rtimer_arch_init
                0x00006b4e        0xe contiki-sky.a(rtimer-arch.o)
                0x00006b4e                rtimer_arch_init
 .text.rtimer_arch_now
                0x00006b5c        0xe contiki-sky.a(rtimer-arch.o)
                0x00006b5c                rtimer_arch_now
 .text.timera0  0x00006b6a       0x70 contiki-sky.a(rtimer-arch.o)
                0x00006b6a                __isr_6
                0x00006b6a                timera0
 .text.rtimer_arch_schedule
                0x00006bda        0x6 contiki-sky.a(rtimer-arch.o)
                0x00006bda                rtimer_arch_schedule
 .text.autostart_start
                0x00006be0       0x16 contiki-sky.a(autostart.o)
                0x00006be0                autostart_start
 .text.process_thread_ctimer_process
                0x00006bf6       0xa4 contiki-sky.a(ctimer.o)
 .text.ctimer_init
                0x00006c9a       0x18 contiki-sky.a(ctimer.o)
                0x00006c9a                ctimer_init
 .text.ctimer_set
                0x00006cb2       0x50 contiki-sky.a(ctimer.o)
                0x00006cb2                ctimer_set
 .text.ctimer_reset
                0x00006d02       0x30 contiki-sky.a(ctimer.o)
                0x00006d02                ctimer_reset
 .text.ctimer_stop
                0x00006d32       0x28 contiki-sky.a(ctimer.o)
                0x00006d32                ctimer_stop
 .text.energest_init
                0x00006d5a       0x28 contiki-sky.a(energest.o)
                0x00006d5a                energest_init
 .text.energest_type_time
                0x00006d82       0x46 contiki-sky.a(energest.o)
                0x00006d82                energest_type_time
 .text.energest_type_set
                0x00006dc8        0xe contiki-sky.a(energest.o)
                0x00006dc8                energest_type_set
 .text.energest_flush
                0x00006dd6       0x48 contiki-sky.a(energest.o)
                0x00006dd6                energest_flush
 .text.update_time
                0x00006e1e       0x78 contiki-sky.a(etimer.o)
 .text.etimer_request_poll
                0x00006e96        0xa contiki-sky.a(etimer.o)
                0x00006e96                etimer_request_poll
 .text.process_thread_etimer_process
                0x00006ea0       0xc8 contiki-sky.a(etimer.o)
 .text.add_timer
                0x00006f68       0x40 contiki-sky.a(etimer.o)
 .text.etimer_set
                0x00006fa8       0x12 contiki-sky.a(etimer.o)
                0x00006fa8                etimer_set
 .text.etimer_reset
                0x00006fba       0x12 contiki-sky.a(etimer.o)
                0x00006fba                etimer_reset
 .text.etimer_expired
                0x00006fcc        0xe contiki-sky.a(etimer.o)
                0x00006fcc                etimer_expired
 .text.etimer_expiration_time
                0x00006fda       0x14 contiki-sky.a(etimer.o)
                0x00006fda                etimer_expiration_time
 .text.etimer_pending
                0x00006fee        0xc contiki-sky.a(etimer.o)
                0x00006fee                etimer_pending
 .text.etimer_next_expiration_time
                0x00006ffa       0x16 contiki-sky.a(etimer.o)
                0x00006ffa                etimer_next_expiration_time
 .text.etimer_stop
                0x00007010       0x3c contiki-sky.a(etimer.o)
                0x00007010                etimer_stop
 .text.call_process
                0x0000704c       0x4a contiki-sky.a(process.o)
 .text.exit_process
                0x00007096       0x96 contiki-sky.a(process.o)
 .text.do_poll  0x0000712c       0x30 contiki-sky.a(process.o)
 .text.process_alloc_event
                0x0000715c        0xe contiki-sky.a(process.o)
                0x0000715c                process_alloc_event
 .text.process_init
                0x0000716a       0x1c contiki-sky.a(process.o)
                0x0000716a                process_init
 .text.process_run
                0x00007186       0xa2 contiki-sky.a(process.o)
                0x00007186                process_run
 .text.process_nevents
                0x00007228        0xe contiki-sky.a(process.o)
                0x00007228                process_nevents
 .text.process_post
                0x00007236       0x54 contiki-sky.a(process.o)
                0x00007236                process_post
 .text.process_post_synch
                0x0000728a       0x12 contiki-sky.a(process.o)
                0x0000728a                process_post_synch
 .text.process_start
                0x0000729c       0x32 contiki-sky.a(process.o)
                0x0000729c                process_start
 .text.process_poll
                0x000072ce       0x18 contiki-sky.a(process.o)
                0x000072ce                process_poll
 .text.rtimer_init
                0x000072e6        0x6 contiki-sky.a(rtimer.o)
                0x000072e6                rtimer_init
 .text.rtimer_run_next
                0x000072ec       0x26 contiki-sky.a(rtimer.o)
                0x000072ec                rtimer_run_next
 .text.timer_set
                0x00007312       0x1c contiki-sky.a(timer.o)
                0x00007312                timer_set
 .text.timer_reset
                0x0000732e        0xe contiki-sky.a(timer.o)
                0x0000732e                timer_reset
 .text.timer_expired
                0x0000733c       0x2a contiki-sky.a(timer.o)
                0x0000733c                timer_expired
 .text.list_init
                0x00007366        0x6 contiki-sky.a(list.o)
                0x00007366                list_init
 .text.list_head
                0x0000736c        0x4 contiki-sky.a(list.o)
                0x0000736c                list_head
 .text.list_tail
                0x00007370       0x12 contiki-sky.a(list.o)
                0x00007370                list_tail
 .text.list_remove
                0x00007382       0x34 contiki-sky.a(list.o)
                0x00007382                list_remove
 .text.list_push
                0x000073b6       0x1a contiki-sky.a(list.o)
                0x000073b6                list_push
 .text.list_add
                0x000073d0       0x2a contiki-sky.a(list.o)
                0x000073d0                list_add
 .text.list_length
                0x000073fa       0x10 contiki-sky.a(list.o)
                0x000073fa                list_length
 .text.list_item_next
                0x0000740a        0xc contiki-sky.a(list.o)
                0x0000740a                list_item_next
 .text.random_init
                0x00007416        0x6 contiki-sky.a(random.o)
                0x00007416                random_init
 .text.random_rand
                0x0000741c        0x6 contiki-sky.a(random.o)
                0x0000741c                random_rand
 .text.set_packet_attrs
                0x00007422       0x44 contiki-sky.a(sicslowpan.o)
 .text.addr_context_lookup_by_number
                0x00007466       0x36 contiki-sky.a(sicslowpan.o)
 .text.compress_addr_64
                0x0000749c       0xae contiki-sky.a(sicslowpan.o)
 .text.uncompress_addr
                0x0000754a       0xb4 contiki-sky.a(sicslowpan.o)
 .text.input    0x000075fe      0x65c contiki-sky.a(sicslowpan.o)
 .text.sicslowpan_init
                0x00007c5a       0x26 contiki-sky.a(sicslowpan.o)
                0x00007c5a                sicslowpan_init
 .text.addr_context_lookup_by_prefix
                0x00007c80       0x4c contiki-sky.a(sicslowpan.o)
 .text.send_packet
                0x00007ccc       0x1a contiki-sky.a(sicslowpan.o)
 .text.output   0x00007ce6      0x6da contiki-sky.a(sicslowpan.o)
 .text.packet_sent
                0x000083c0       0x22 contiki-sky.a(sicslowpan.o)
 .text.chksum   0x000083e2       0x32 contiki-sky.a(uip6.o)
 .text.upper_layer_chksum
                0x00008414       0x56 contiki-sky.a(uip6.o)
 .text.ext_hdr_options_process
                0x0000846a       0xda contiki-sky.a(uip6.o)
 .text.uip_icmp6chksum
                0x00008544        0xa contiki-sky.a(uip6.o)
                0x00008544                uip_icmp6chksum
 .text.uip_udpchksum
                0x0000854e        0xa contiki-sky.a(uip6.o)
                0x0000854e                uip_udpchksum
 .text.uip_init
                0x00008558       0x42 contiki-sky.a(uip6.o)
                0x00008558                uip_init
 .text.remove_ext_hdr
                0x0000859a       0x5a contiki-sky.a(uip6.o)
                0x0000859a                remove_ext_hdr
 .text.uip_udp_new
                0x000085f4       0xf4 contiki-sky.a(uip6.o)
                0x000085f4                uip_udp_new
 .text.uip_process
                0x000086e8      0x4a2 contiki-sky.a(uip6.o)
                0x000086e8                uip_process
 .text.uip_htons
                0x00008b8a        0xc contiki-sky.a(uip6.o)
                0x00008b8a                uip_htons
 .text.uip_htonl
                0x00008b96       0x2e contiki-sky.a(uip6.o)
                0x00008b96                uip_htonl
 .text.uip_ds6_list_loop
                0x00008bc4       0x86 contiki-sky.a(uip-ds6.o)
                0x00008bc4                uip_ds6_list_loop
 .text.uip_ds6_prefix_add
                0x00008c4a       0x80 contiki-sky.a(uip-ds6.o)
                0x00008c4a                uip_ds6_prefix_add
 .text.uip_ds6_is_addr_onlink
                0x00008cca       0x54 contiki-sky.a(uip-ds6.o)
                0x00008cca                uip_ds6_is_addr_onlink
 .text.uip_ds6_addr_lookup
                0x00008d1e       0x2a contiki-sky.a(uip-ds6.o)
                0x00008d1e                uip_ds6_addr_lookup
 .text.uip_ds6_get_link_local
                0x00008d48       0x3e contiki-sky.a(uip-ds6.o)
                0x00008d48                uip_ds6_get_link_local
 .text.uip_ds6_maddr_add
                0x00008d86       0x4c contiki-sky.a(uip-ds6.o)
                0x00008d86                uip_ds6_maddr_add
 .text.uip_ds6_addr_add
                0x00008dd2       0xc4 contiki-sky.a(uip-ds6.o)
                0x00008dd2                uip_ds6_addr_add
 .text.uip_ds6_maddr_lookup
                0x00008e96       0x2a contiki-sky.a(uip-ds6.o)
                0x00008e96                uip_ds6_maddr_lookup
 .text.uip_ds6_addr_rm
                0x00008ec0       0x54 contiki-sky.a(uip-ds6.o)
                0x00008ec0                uip_ds6_addr_rm
 .text.uip_ds6_periodic
                0x00008f14       0x4a contiki-sky.a(uip-ds6.o)
                0x00008f14                uip_ds6_periodic
 .text.uip_ds6_set_addr_iid
                0x00008f5e       0x14 contiki-sky.a(uip-ds6.o)
                0x00008f5e                uip_ds6_set_addr_iid
 .text.get_match_length
                0x00008f72       0x3e contiki-sky.a(uip-ds6.o)
                0x00008f72                get_match_length
 .text.uip_ds6_select_src
                0x00008fb0       0xaa contiki-sky.a(uip-ds6.o)
                0x00008fb0                uip_ds6_select_src
 .text.uip_ds6_compute_reachable_time
                0x0000905a       0x3e contiki-sky.a(uip-ds6.o)
                0x0000905a                uip_ds6_compute_reachable_time
 .text.uip_ds6_init
                0x00009098      0x154 contiki-sky.a(uip-ds6.o)
                0x00009098                uip_ds6_init
 .text.uip_ds6_nbr_rm
                0x000091ec       0x1a contiki-sky.a(uip-ds6-nbr.o)
                0x000091ec                uip_ds6_nbr_rm
 .text.uip_ds6_neighbors_init
                0x00009206        0xe contiki-sky.a(uip-ds6-nbr.o)
                0x00009206                uip_ds6_neighbors_init
 .text.uip_ds6_nbr_add
                0x00009214       0x60 contiki-sky.a(uip-ds6-nbr.o)
                0x00009214                uip_ds6_nbr_add
 .text.uip_ds6_nbr_get_ll
                0x00009274        0xc contiki-sky.a(uip-ds6-nbr.o)
                0x00009274                uip_ds6_nbr_get_ll
 .text.uip_ds6_nbr_lookup
                0x00009280       0x42 contiki-sky.a(uip-ds6-nbr.o)
                0x00009280                uip_ds6_nbr_lookup
 .text.uip_ds6_nbr_ll_lookup
                0x000092c2        0xc contiki-sky.a(uip-ds6-nbr.o)
                0x000092c2                uip_ds6_nbr_ll_lookup
 .text.uip_ds6_nbr_ipaddr_from_lladdr
                0x000092ce        0x6 contiki-sky.a(uip-ds6-nbr.o)
                0x000092ce                uip_ds6_nbr_ipaddr_from_lladdr
 .text.uip_ds6_nbr_lladdr_from_ipaddr
                0x000092d4       0x12 contiki-sky.a(uip-ds6-nbr.o)
                0x000092d4                uip_ds6_nbr_lladdr_from_ipaddr
 .text.uip_ds6_link_neighbor_callback
                0x000092e6       0x2a contiki-sky.a(uip-ds6-nbr.o)
                0x000092e6                uip_ds6_link_neighbor_callback
 .text.uip_ds6_neighbor_periodic
                0x00009310       0x60 contiki-sky.a(uip-ds6-nbr.o)
                0x00009310                uip_ds6_neighbor_periodic
 .text.call_route_callback
                0x00009370       0x4c contiki-sky.a(uip-ds6-route.o)
 .text.uip_ds6_route_init
                0x000093bc       0x36 contiki-sky.a(uip-ds6-route.o)
                0x000093bc                uip_ds6_route_init
 .text.uip_ds6_route_nexthop
                0x000093f2       0x1a contiki-sky.a(uip-ds6-route.o)
                0x000093f2                uip_ds6_route_nexthop
 .text.uip_ds6_route_head
                0x0000940c        0xa contiki-sky.a(uip-ds6-route.o)
                0x0000940c                uip_ds6_route_head
 .text.uip_ds6_route_next
                0x00009416        0xe contiki-sky.a(uip-ds6-route.o)
                0x00009416                uip_ds6_route_next
 .text.uip_ds6_route_lookup
                0x00009424       0x8c contiki-sky.a(uip-ds6-route.o)
                0x00009424                uip_ds6_route_lookup
 .text.uip_ds6_route_rm
                0x000094b0       0xa4 contiki-sky.a(uip-ds6-route.o)
                0x000094b0                uip_ds6_route_rm
 .text.rm_routelist
                0x00009554       0x34 contiki-sky.a(uip-ds6-route.o)
 .text.rm_routelist_callback
                0x00009588        0x6 contiki-sky.a(uip-ds6-route.o)
 .text.uip_ds6_route_add
                0x0000958e      0x10c contiki-sky.a(uip-ds6-route.o)
                0x0000958e                uip_ds6_route_add
 .text.uip_ds6_defrt_rm
                0x0000969a       0x48 contiki-sky.a(uip-ds6-route.o)
                0x0000969a                uip_ds6_defrt_rm
 .text.uip_ds6_defrt_lookup
                0x000096e2       0x36 contiki-sky.a(uip-ds6-route.o)
                0x000096e2                uip_ds6_defrt_lookup
 .text.uip_ds6_defrt_add
                0x00009718       0x74 contiki-sky.a(uip-ds6-route.o)
                0x00009718                uip_ds6_defrt_add
 .text.uip_ds6_defrt_choose
                0x0000978c       0x3a contiki-sky.a(uip-ds6-route.o)
                0x0000978c                uip_ds6_defrt_choose
 .text.uip_ds6_defrt_periodic
                0x000097c6       0x38 contiki-sky.a(uip-ds6-route.o)
                0x000097c6                uip_ds6_defrt_periodic
 .text.echo_reply_input
                0x000097fe      0x112 contiki-sky.a(uip-icmp6.o)
 .text.echo_request_input
                0x00009910      0x12c contiki-sky.a(uip-icmp6.o)
 .text.uip_icmp6_input
                0x00009a3c       0x44 contiki-sky.a(uip-icmp6.o)
                0x00009a3c                uip_icmp6_input
 .text.uip_icmp6_register_input_handler
                0x00009a80        0xc contiki-sky.a(uip-icmp6.o)
                0x00009a80                uip_icmp6_register_input_handler
 .text.uip_icmp6_error_output
                0x00009a8c      0x17a contiki-sky.a(uip-icmp6.o)
                0x00009a8c                uip_icmp6_error_output
 .text.uip_icmp6_send
                0x00009c06       0x96 contiki-sky.a(uip-icmp6.o)
                0x00009c06                uip_icmp6_send
 .text.uip_icmp6_init
                0x00009c9c       0x12 contiki-sky.a(uip-icmp6.o)
                0x00009c9c                uip_icmp6_init
 .text.uip_nd6_init
                0x00009cae        0x2 contiki-sky.a(uip-nd6.o)
                0x00009cae                uip_nd6_init
 .text.process_thread_simple_udp_process
                0x00009cb0       0xac contiki-sky.a(simple-udp.o)
 .text.simple_udp_send
                0x00009d5c       0x2e contiki-sky.a(simple-udp.o)
                0x00009d5c                simple_udp_send
 .text.simple_udp_register
                0x00009d8a       0x9a contiki-sky.a(simple-udp.o)
                0x00009d8a                simple_udp_register
 .text.tcpip_output
                0x00009e24       0x10 contiki-sky.a(tcpip.o)
                0x00009e24                tcpip_output
 .text.tcpip_set_outputfunc
                0x00009e34        0x6 contiki-sky.a(tcpip.o)
                0x00009e34                tcpip_set_outputfunc
 .text.udp_new  0x00009e3a       0x1a contiki-sky.a(tcpip.o)
                0x00009e3a                udp_new
 .text.tcpip_input
                0x00009e54       0x16 contiki-sky.a(tcpip.o)
                0x00009e54                tcpip_input
 .text.tcpip_ipv6_output
                0x00009e6a       0xce contiki-sky.a(tcpip.o)
                0x00009e6a                tcpip_ipv6_output
 .text.process_thread_tcpip_process
                0x00009f38       0xd0 contiki-sky.a(tcpip.o)
 .text.tcpip_uipcall
                0x0000a008       0x2a contiki-sky.a(tcpip.o)
                0x0000a008                tcpip_uipcall
 .text.uip_debug_ipaddr_print
                0x0000a032       0x7c contiki-sky.a(uip-debug.o)
                0x0000a032                uip_debug_ipaddr_print
 .text.uip_udp_packet_send
                0x0000a0ae       0x2e contiki-sky.a(uip-udp-packet.)
                0x0000a0ae                uip_udp_packet_send
 .text.uip_udp_packet_sendto
                0x0000a0dc       0x66 contiki-sky.a(uip-udp-packet.)
                0x0000a0dc                uip_udp_packet_sendto
 .text.rpl_get_mode
                0x0000a142        0x6 contiki-sky.a(rpl.o)
                0x0000a142                rpl_get_mode
 .text.rpl_purge_routes
                0x0000a148       0x96 contiki-sky.a(rpl.o)
                0x0000a148                rpl_purge_routes
 .text.rpl_remove_routes
                0x0000a1de       0x22 contiki-sky.a(rpl.o)
                0x0000a1de                rpl_remove_routes
 .text.rpl_remove_routes_by_nexthop
                0x0000a200       0x46 contiki-sky.a(rpl.o)
                0x0000a200                rpl_remove_routes_by_nexthop
 .text.rpl_add_route
                0x0000a246       0x44 contiki-sky.a(rpl.o)
                0x0000a246                rpl_add_route
 .text.rpl_link_neighbor_callback
                0x0000a28a       0x7c contiki-sky.a(rpl.o)
                0x0000a28a                rpl_link_neighbor_callback
 .text.rpl_ipv6_neighbor_callback
                0x0000a306       0x1e contiki-sky.a(rpl.o)
                0x0000a306                rpl_ipv6_neighbor_callback
 .text.rpl_init
                0x0000a324       0x4a contiki-sky.a(rpl.o)
                0x0000a324                rpl_init
 .text.lollipop_greater_than
                0x0000a36e       0x44 contiki-sky.a(rpl-dag.o)
 .text.acceptable_rank
                0x0000a3b2       0x50 contiki-sky.a(rpl-dag.o)
 .text.find_parent_any_dag_any_instance
                0x0000a402       0x14 contiki-sky.a(rpl-dag.o)
 .text.rpl_set_preferred_parent
                0x0000a416       0x30 contiki-sky.a(rpl-dag.o)
 .text.set_ip_from_prefix
                0x0000a446       0x38 contiki-sky.a(rpl-dag.o)
 .text.check_prefix
                0x0000a47e       0x80 contiki-sky.a(rpl-dag.o)
 .text.rpl_get_nbr
                0x0000a4fe       0x1e contiki-sky.a(rpl-dag.o)
                0x0000a4fe                rpl_get_nbr
 .text.rpl_dag_init
                0x0000a51c        0xe contiki-sky.a(rpl-dag.o)
                0x0000a51c                rpl_dag_init
 .text.rpl_get_parent
                0x0000a52a        0xc contiki-sky.a(rpl-dag.o)
                0x0000a52a                rpl_get_parent
 .text.rpl_get_parent_ipaddr
                0x0000a536       0x10 contiki-sky.a(rpl-dag.o)
                0x0000a536                rpl_get_parent_ipaddr
 .text.rpl_set_prefix
                0x0000a546       0x8e contiki-sky.a(rpl-dag.o)
                0x0000a546                rpl_set_prefix
 .text.rpl_set_default_route
                0x0000a5d4       0x5a contiki-sky.a(rpl-dag.o)
                0x0000a5d4                rpl_set_default_route
 .text.rpl_alloc_instance
                0x0000a62e       0x34 contiki-sky.a(rpl-dag.o)
                0x0000a62e                rpl_alloc_instance
 .text.rpl_add_parent
                0x0000a662       0x56 contiki-sky.a(rpl-dag.o)
                0x0000a662                rpl_add_parent
 .text.rpl_find_parent
                0x0000a6b8       0x1a contiki-sky.a(rpl-dag.o)
                0x0000a6b8                rpl_find_parent
 .text.rpl_find_parent_any_dag
                0x0000a6d2       0x22 contiki-sky.a(rpl-dag.o)
                0x0000a6d2                rpl_find_parent_any_dag
 .text.rpl_select_parent
                0x0000a6f4       0x7e contiki-sky.a(rpl-dag.o)
                0x0000a6f4                rpl_select_parent
 .text.rpl_select_dag
                0x0000a772      0x182 contiki-sky.a(rpl-dag.o)
                0x0000a772                rpl_select_dag
 .text.rpl_nullify_parent
                0x0000a8f4       0x54 contiki-sky.a(rpl-dag.o)
                0x0000a8f4                rpl_nullify_parent
 .text.rpl_remove_parent
                0x0000a948       0x16 contiki-sky.a(rpl-dag.o)
                0x0000a948                rpl_remove_parent
 .text.nbr_callback
                0x0000a95e        0x6 contiki-sky.a(rpl-dag.o)
 .text.remove_parents.constprop.2
                0x0000a964       0x32 contiki-sky.a(rpl-dag.o)
 .text.rpl_move_parent
                0x0000a996       0x5a contiki-sky.a(rpl-dag.o)
                0x0000a996                rpl_move_parent
 .text.rpl_get_any_dag
                0x0000a9f0       0x18 contiki-sky.a(rpl-dag.o)
                0x0000a9f0                rpl_get_any_dag
 .text.rpl_get_instance
                0x0000aa08       0x1a contiki-sky.a(rpl-dag.o)
                0x0000aa08                rpl_get_instance
 .text.rpl_alloc_dag
                0x0000aa22       0x60 contiki-sky.a(rpl-dag.o)
                0x0000aa22                rpl_alloc_dag
 .text.rpl_repair_root
                0x0000aa82       0x50 contiki-sky.a(rpl-dag.o)
                0x0000aa82                rpl_repair_root
 .text.rpl_find_of
                0x0000aad2       0x10 contiki-sky.a(rpl-dag.o)
                0x0000aad2                rpl_find_of
 .text.rpl_join_instance
                0x0000aae2      0x13c contiki-sky.a(rpl-dag.o)
                0x0000aae2                rpl_join_instance
 .text.rpl_local_repair
                0x0000ac1e       0x7c contiki-sky.a(rpl-dag.o)
                0x0000ac1e                rpl_local_repair
 .text.rpl_process_parent_event
                0x0000ac9a       0x4e contiki-sky.a(rpl-dag.o)
                0x0000ac9a                rpl_process_parent_event
 .text.rpl_recalculate_ranks
                0x0000ace8       0x48 contiki-sky.a(rpl-dag.o)
                0x0000ace8                rpl_recalculate_ranks
 .text.rpl_add_dag
                0x0000ad30      0x112 contiki-sky.a(rpl-dag.o)
                0x0000ad30                rpl_add_dag
 .text.rpl_process_dio
                0x0000ae42      0x2e2 contiki-sky.a(rpl-dag.o)
                0x0000ae42                rpl_process_dio
 .text.rpl_lock_parent
                0x0000b124        0xc contiki-sky.a(rpl-dag.o)
                0x0000b124                rpl_lock_parent
 .text.rpl_verify_header
                0x0000b130       0xba contiki-sky.a(rpl-ext-header.)
                0x0000b130                rpl_verify_header
 .text.rpl_update_header_empty
                0x0000b1ea      0x126 contiki-sky.a(rpl-ext-header.)
                0x0000b1ea                rpl_update_header_empty
 .text.rpl_update_header_final
                0x0000b310       0x94 contiki-sky.a(rpl-ext-header.)
                0x0000b310                rpl_update_header_final
 .text.rpl_invert_header
                0x0000b3a4       0x7a contiki-sky.a(rpl-ext-header.)
                0x0000b3a4                rpl_invert_header
 .text.rpl_insert_header
                0x0000b41e       0x12 contiki-sky.a(rpl-ext-header.)
                0x0000b41e                rpl_insert_header
 .text.get32    0x0000b430       0x46 contiki-sky.a(rpl-icmp6.o)
 .text.set32    0x0000b476       0x2a contiki-sky.a(rpl-icmp6.o)
 .text.get16    0x0000b4a0        0xe contiki-sky.a(rpl-icmp6.o)
 .text.set16    0x0000b4ae       0x10 contiki-sky.a(rpl-icmp6.o)
 .text.dao_ack_input
                0x0000b4be        0x6 contiki-sky.a(rpl-icmp6.o)
 .text.dio_input
                0x0000b4c4      0x2d2 contiki-sky.a(rpl-icmp6.o)
 .text.dis_output
                0x0000b796       0x50 contiki-sky.a(rpl-icmp6.o)
                0x0000b796                dis_output
 .text.dio_output
                0x0000b7e6      0x268 contiki-sky.a(rpl-icmp6.o)
                0x0000b7e6                dio_output
 .text.dis_input
                0x0000ba4e       0x28 contiki-sky.a(rpl-icmp6.o)
 .text.dao_output_target
                0x0000ba76       0xea contiki-sky.a(rpl-icmp6.o)
                0x0000ba76                dao_output_target
 .text.dao_output
                0x0000bb60       0x80 contiki-sky.a(rpl-icmp6.o)
                0x0000bb60                dao_output
 .text.dao_ack_output
                0x0000bbe0       0x32 contiki-sky.a(rpl-icmp6.o)
                0x0000bbe0                dao_ack_output
 .text.dao_input
                0x0000bc12      0x2a8 contiki-sky.a(rpl-icmp6.o)
 .text.rpl_icmp6_register_handlers
                0x0000beba       0x22 contiki-sky.a(rpl-icmp6.o)
                0x0000beba                rpl_icmp6_register_handlers
 .text.reset    0x0000bedc        0x2 contiki-sky.a(rpl-mrhof.o)
 .text.update_metric_container
                0x0000bede        0x6 contiki-sky.a(rpl-mrhof.o)
 .text.calculate_rank
                0x0000bee4       0x3e contiki-sky.a(rpl-mrhof.o)
 .text.best_parent
                0x0000bf22       0x74 contiki-sky.a(rpl-mrhof.o)
 .text.neighbor_link_callback
                0x0000bf96       0xa2 contiki-sky.a(rpl-mrhof.o)
 .text.best_dag
                0x0000c038       0x34 contiki-sky.a(rpl-mrhof.o)
 .text.new_dio_interval
                0x0000c06c       0x92 contiki-sky.a(rpl-timers.o)
 .text.handle_periodic_timer
                0x0000c0fe       0x2e contiki-sky.a(rpl-timers.o)
 .text.set_dao_lifetime_timer
                0x0000c12c       0x52 contiki-sky.a(rpl-timers.o)
 .text.schedule_dao
                0x0000c17e       0x82 contiki-sky.a(rpl-timers.o)
 .text.handle_dio_timer
                0x0000c200       0x88 contiki-sky.a(rpl-timers.o)
 .text.handle_dao_timer
                0x0000c288       0x64 contiki-sky.a(rpl-timers.o)
 .text.rpl_reset_periodic_timer
                0x0000c2ec       0x60 contiki-sky.a(rpl-timers.o)
                0x0000c2ec                rpl_reset_periodic_timer
 .text.rpl_reset_dio_timer
                0x0000c34c       0x18 contiki-sky.a(rpl-timers.o)
                0x0000c34c                rpl_reset_dio_timer
 .text.rpl_schedule_dao
                0x0000c364        0xc contiki-sky.a(rpl-timers.o)
                0x0000c364                rpl_schedule_dao
 .text.rpl_schedule_probing
                0x0000c370       0x3c contiki-sky.a(rpl-timers.o)
                0x0000c370                rpl_schedule_probing
 .text.handle_probing_timer
                0x0000c3ac      0x124 contiki-sky.a(rpl-timers.o)
 .text.parse    0x0000c4d0       0xa0 contiki-sky.a(framer-802154.o)
 .text.create_frame.isra.0
                0x0000c570      0x108 contiki-sky.a(framer-802154.o)
 .text.create   0x0000c678        0x8 contiki-sky.a(framer-802154.o)
 .text.hdr_length
                0x0000c680        0x8 contiki-sky.a(framer-802154.o)
 .text.framer_canonical_create_and_secure
                0x0000c688       0x20 contiki-sky.a(framer.o)
                0x0000c688                framer_canonical_create_and_secure
 .text.send_packet
                0x0000c6a8        0x6 contiki-sky.a(nullmac.o)
 .text.packet_input
                0x0000c6ae        0x6 contiki-sky.a(nullmac.o)
 .text.on       0x0000c6b4        0x6 contiki-sky.a(nullmac.o)
 .text.off      0x0000c6ba        0x6 contiki-sky.a(nullmac.o)
 .text.channel_check_interval
                0x0000c6c0        0x4 contiki-sky.a(nullmac.o)
 .text.init     0x0000c6c4        0x2 contiki-sky.a(nullmac.o)
 .text.on       0x0000c6c6        0x6 contiki-sky.a(nullrdc.o)
 .text.channel_check_interval
                0x0000c6cc        0x4 contiki-sky.a(nullrdc.o)
 .text.init     0x0000c6d0        0x6 contiki-sky.a(nullrdc.o)
 .text.send_one_packet
                0x0000c6d6       0x6a contiki-sky.a(nullrdc.o)
 .text.send_list
                0x0000c740       0x30 contiki-sky.a(nullrdc.o)
 .text.send_packet
                0x0000c770        0x6 contiki-sky.a(nullrdc.o)
 .text.off      0x0000c776       0x10 contiki-sky.a(nullrdc.o)
 .text.packet_input
                0x0000c786       0x26 contiki-sky.a(nullrdc.o)
 .text.linkaddr_copy
                0x0000c7ac        0x8 contiki-sky.a(linkaddr.o)
                0x0000c7ac                linkaddr_copy
 .text.linkaddr_cmp
                0x0000c7b4       0x12 contiki-sky.a(linkaddr.o)
                0x0000c7b4                linkaddr_cmp
 .text.linkaddr_set_node_addr
                0x0000c7c6        0xc contiki-sky.a(linkaddr.o)
                0x0000c7c6                linkaddr_set_node_addr
 .text.index_from_key
                0x0000c7d2       0x48 contiki-sky.a(nbr-table.o)
 .text.item_from_key
                0x0000c81a       0x34 contiki-sky.a(nbr-table.o)
 .text.nbr_set_bit
                0x0000c84e       0x8e contiki-sky.a(nbr-table.o)
 .text.index_from_lladdr
                0x0000c8dc       0x42 contiki-sky.a(nbr-table.o)
 .text.nbr_get_bit.constprop.0
                0x0000c91e       0x62 contiki-sky.a(nbr-table.o)
 .text.nbr_table_register
                0x0000c980       0x28 contiki-sky.a(nbr-table.o)
                0x0000c980                nbr_table_register
 .text.nbr_table_next
                0x0000c9a8       0x90 contiki-sky.a(nbr-table.o)
                0x0000c9a8                nbr_table_next
 .text.nbr_table_head
                0x0000ca38       0x36 contiki-sky.a(nbr-table.o)
                0x0000ca38                nbr_table_head
 .text.nbr_table_add_lladdr
                0x0000ca6e      0x144 contiki-sky.a(nbr-table.o)
                0x0000ca6e                nbr_table_add_lladdr
 .text.nbr_table_get_from_lladdr
                0x0000cbb2       0x48 contiki-sky.a(nbr-table.o)
                0x0000cbb2                nbr_table_get_from_lladdr
 .text.nbr_table_remove
                0x0000cbfa       0x32 contiki-sky.a(nbr-table.o)
                0x0000cbfa                nbr_table_remove
 .text.nbr_table_lock
                0x0000cc2c       0x10 contiki-sky.a(nbr-table.o)
                0x0000cc2c                nbr_table_lock
 .text.nbr_table_unlock
                0x0000cc3c       0x10 contiki-sky.a(nbr-table.o)
                0x0000cc3c                nbr_table_unlock
 .text.nbr_table_get_lladdr
                0x0000cc4c       0x5a contiki-sky.a(nbr-table.o)
                0x0000cc4c                nbr_table_get_lladdr
 .text.packetbuf_compact
                0x0000cca6       0x2e contiki-sky.a(packetbuf.o)
                0x0000cca6                packetbuf_compact
 .text.packetbuf_copyto
                0x0000ccd4       0x52 contiki-sky.a(packetbuf.o)
                0x0000ccd4                packetbuf_copyto
 .text.packetbuf_hdrreduce
                0x0000cd26       0x1a contiki-sky.a(packetbuf.o)
                0x0000cd26                packetbuf_hdrreduce
 .text.packetbuf_set_datalen
                0x0000cd40        0x6 contiki-sky.a(packetbuf.o)
                0x0000cd40                packetbuf_set_datalen
 .text.packetbuf_dataptr
                0x0000cd46        0xe contiki-sky.a(packetbuf.o)
                0x0000cd46                packetbuf_dataptr
 .text.packetbuf_hdrptr
                0x0000cd54        0xa contiki-sky.a(packetbuf.o)
                0x0000cd54                packetbuf_hdrptr
 .text.packetbuf_datalen
                0x0000cd5e        0x6 contiki-sky.a(packetbuf.o)
                0x0000cd5e                packetbuf_datalen
 .text.packetbuf_hdrlen
                0x0000cd64       0x10 contiki-sky.a(packetbuf.o)
                0x0000cd64                packetbuf_hdrlen
 .text.packetbuf_totlen
                0x0000cd74        0xc contiki-sky.a(packetbuf.o)
                0x0000cd74                packetbuf_totlen
 .text.packetbuf_hdralloc
                0x0000cd80       0x2e contiki-sky.a(packetbuf.o)
                0x0000cd80                packetbuf_hdralloc
 .text.packetbuf_attr_clear
                0x0000cdae       0x28 contiki-sky.a(packetbuf.o)
                0x0000cdae                packetbuf_attr_clear
 .text.packetbuf_clear
                0x0000cdd6       0x1a contiki-sky.a(packetbuf.o)
                0x0000cdd6                packetbuf_clear
 .text.packetbuf_copyfrom
                0x0000cdf0       0x2e contiki-sky.a(packetbuf.o)
                0x0000cdf0                packetbuf_copyfrom
 .text.packetbuf_attr_copyto
                0x0000ce1e       0x22 contiki-sky.a(packetbuf.o)
                0x0000ce1e                packetbuf_attr_copyto
 .text.packetbuf_attr_copyfrom
                0x0000ce40       0x24 contiki-sky.a(packetbuf.o)
                0x0000ce40                packetbuf_attr_copyfrom
 .text.packetbuf_holds_broadcast
                0x0000ce64        0xe contiki-sky.a(packetbuf.o)
                0x0000ce64                packetbuf_holds_broadcast
 .text.queuebuf_init
                0x0000ce72       0x12 contiki-sky.a(queuebuf.o)
                0x0000ce72                queuebuf_init
 .text.queuebuf_numfree
                0x0000ce84        0xa contiki-sky.a(queuebuf.o)
                0x0000ce84                queuebuf_numfree
 .text.queuebuf_new_from_packetbuf
                0x0000ce8e       0x52 contiki-sky.a(queuebuf.o)
                0x0000ce8e                queuebuf_new_from_packetbuf
 .text.queuebuf_free
                0x0000cee0       0x2a contiki-sky.a(queuebuf.o)
                0x0000cee0                queuebuf_free
 .text.queuebuf_to_packetbuf
                0x0000cf0a       0x32 contiki-sky.a(queuebuf.o)
                0x0000cf0a                queuebuf_to_packetbuf
 .text.bootstrap
                0x0000cf3c        0x4 contiki-sky.a(nullsec.o)
 .text.send     0x0000cf40        0xa contiki-sky.a(nullsec.o)
 .text.on_frame_created
                0x0000cf4a        0x4 contiki-sky.a(nullsec.o)
 .text.input    0x0000cf4e        0x6 contiki-sky.a(nullsec.o)
 .text.get_overhead
                0x0000cf54        0x4 contiki-sky.a(nullsec.o)
 .text.spi_init
                0x0000cf58       0x32 contiki-sky.a(spi.o)
                0x0000cf58                spi_init
 .text.stimer_set
                0x0000cf8a       0x1c contiki-sky.a(stimer.o)
                0x0000cf8a                stimer_set
 .text.stimer_expired
                0x0000cfa6       0x30 contiki-sky.a(stimer.o)
                0x0000cfa6                stimer_expired
 .text.memb_init
                0x0000cfd6       0x36 contiki-sky.a(memb.o)
                0x0000cfd6                memb_init
 .text.memb_alloc
                0x0000d00c       0x3e contiki-sky.a(memb.o)
                0x0000d00c                memb_alloc
 .text.memb_free
                0x0000d04a       0x3a contiki-sky.a(memb.o)
                0x0000d04a                memb_free
 .text.memb_inmemb
                0x0000d084       0x2e contiki-sky.a(memb.o)
                0x0000d084                memb_inmemb
 .text.memb_numfree
                0x0000d0b2       0x26 contiki-sky.a(memb.o)
                0x0000d0b2                memb_numfree
 .text.field_len
                0x0000d0d8       0x98 contiki-sky.a(frame802154.o)
 .text.frame802154_hdrlen
                0x0000d170       0x2e contiki-sky.a(frame802154.o)
                0x0000d170                frame802154_hdrlen
 .text.frame802154_create
                0x0000d19e      0x146 contiki-sky.a(frame802154.o)
                0x0000d19e                frame802154_create
 .text.frame802154_parse
                0x0000d2e4      0x1da contiki-sky.a(frame802154.o)
                0x0000d2e4                frame802154_parse
 .text.mac_call_sent_callback
                0x0000d4be       0x14 contiki-sky.a(mac.o)
                0x0000d4be                mac_call_sent_callback
 .text.libgcc   0x0000d4d2       0x2c /usr/lib/gcc/msp430/4.6.3/mmpy-16/libgcc.a(_mulsi3.o)
                0x0000d4d2                __mulsi3
 .text.libgcc   0x0000d4fe       0x22 /usr/lib/gcc/msp430/4.6.3/mmpy-16/libgcc.a(_udivmod16.o)
                0x0000d4fe                __udivhi3
                0x0000d4fe                __ext_udivmod16
                0x0000d518                __umodhi3
 .text.libgcc   0x0000d520       0x3a /usr/lib/gcc/msp430/4.6.3/mmpy-16/libgcc.a(_divmod16.o)
                0x0000d520                __ext_divmod16
                0x0000d520                __divhi3
                0x0000d552                __modhi3
 .text.libgcc   0x0000d55a       0x40 /usr/lib/gcc/msp430/4.6.3/mmpy-16/libgcc.a(_udivmod32.o)
                0x0000d55a                __udivsi3
                0x0000d55a                __ext_udivmod32
                0x0000d590                __umodsi3
 .text          0x0000d59a       0x12 /usr/lib/gcc/msp430/4.6.3/../../../../msp430/lib/mmpy-16/libc.a(strchr.o)
                0x0000d59a                strchr
 .text          0x0000d5ac       0x1e /usr/lib/gcc/msp430/4.6.3/../../../../msp430/lib/mmpy-16/libc.a(strcmp.o)
                0x0000d5ac                strcmp
 .text          0x0000d5ca       0x20 /usr/lib/gcc/msp430/4.6.3/../../../../msp430/lib/mmpy-16/libc.a(memcmp.o)
                0x0000d5ca                memcmp
 .text          0x0000d5ea       0x14 /usr/lib/gcc/msp430/4.6.3/../../../../msp430/lib/mmpy-16/libc.a(strcpy.o)
                0x0000d5ea                strcpy
 .text          0x0000d5fe       0x2a /usr/lib/gcc/msp430/4.6.3/../../../../msp430/lib/mmpy-16/libc.a(strncpy.o)
                0x0000d5fe                strncpy
 .text          0x0000d628       0xfa /usr/lib/gcc/msp430/4.6.3/../../../../msp430/lib/mmpy-16/libc.a(memcpy.o)
                0x0000d628                memcpy
 .text          0x0000d722       0xfa /usr/lib/gcc/msp430/4.6.3/../../../../msp430/lib/mmpy-16/libc.a(memmove.o)
                0x0000d722                memmove
 .text          0x0000d81c       0x6a /usr/lib/gcc/msp430/4.6.3/../../../../msp430/lib/mmpy-16/libc.a(memset.o)
                0x0000d81c                memset
 .text          0x0000d886      0x114 /usr/lib/gcc/msp430/4.6.3/../../../../msp430/lib/mmpy-16/libc.a(malloc.o)
                0x0000d886                malloc
                0x0000d992                free
 .text          0x0000d99a       0x1e /usr/lib/gcc/msp430/4.6.3/../../../../msp430/lib/mmpy-16/libc.a(printf.o)
                0x0000d99a                printf
                0x0000d9aa                vprintf
 .text          0x0000d9b8       0xbc /usr/lib/gcc/msp430/4.6.3/../../../../msp430/lib/mmpy-16/libc.a(sprintf.o)
                0x0000da16                sprintf
                0x0000da32                snprintf
                0x0000da4c                vsprintf
                0x0000da62                vsnprintf
 .text          0x0000da74      0x836 /usr/lib/gcc/msp430/4.6.3/../../../../msp430/lib/mmpy-16/libc.a(vuprintf.o)
                0x0000dc0c                vuprintf
 .text          0x0000e2aa       0x2c /usr/lib/gcc/msp430/4.6.3/../../../../msp430/lib/mmpy-16/libc.a(puts.o)
                0x0000e2aa                puts
 .text          0x0000e2d6       0x54 /usr/lib/gcc/msp430/4.6.3/../../../../msp430/lib/mmpy-16/libc.a(rand.o)
                0x0000e2d6                rand_r
                0x0000e2fa                rand
                0x0000e320                srand
 .text.libgcc   0x0000e32a       0xf0 /usr/lib/gcc/msp430/4.6.3/mmpy-16/libgcc.a(_udivmod64.o)
                0x0000e32a                __xabi_udivmod64
                0x0000e388                __udivdi3
                0x0000e3ae                __umoddi3
                0x0000e3dc                __udivmoddi4
 .text.crt0     0x0000e41a        0x2 /usr/lib/gcc/msp430/4.6.3/mmpy-16/libcrt0.a(_unexpected_.o)
                0x0000e41a                _unexpected_
                0x0000e41c                . = ALIGN (0x2)

.rodata         0x0000e41c      0x68a
                0x0000e41c                . = ALIGN (0x2)
 *(.rodata .rodata.* .gnu.linkonce.r.*)
 .rodata        0x0000e41c       0xe8 main_core.co
                0x0000e4aa                autostart_processes
 .rodata        0x0000e504      0x31c obj_sky/mqtt_sn.o
 .rodata        0x0000e820      0x12e obj_sky/contiki-sky-main.o
 .rodata        0x0000e94e       0x10 contiki-sky.a(button-sensor.o)
                0x0000e956                button_sensor
 .rodata        0x0000e95e        0x8 contiki-sky.a(sensors.o)
 .rodata        0x0000e966       0x5a contiki-sky.a(cc2420.o)
                0x0000e982                cc2420_aes_128_driver
                0x0000e986                cc2420_driver
 .rodata        0x0000e9c0        0xf contiki-sky.a(ctimer.o)
 .rodata        0x0000e9cf        0xc contiki-sky.a(etimer.o)
 *fill*         0x0000e9db        0x1 00
 .rodata        0x0000e9dc       0x24 contiki-sky.a(sicslowpan.o)
                0x0000e9e8                sicslowpan_driver
                0x0000e9ee                llprefix
                0x0000e9f0                unc_mxconf
                0x0000e9f4                unc_ctxconf
                0x0000e9f8                unc_llconf
 .rodata        0x0000ea00       0x13 contiki-sky.a(simple-udp.o)
 .rodata        0x0000ea13        0xd contiki-sky.a(tcpip.o)
 .rodata        0x0000ea20       0x29 contiki-sky.a(uip-debug.o)
 *fill*         0x0000ea49        0x1 00
 .rodata        0x0000ea4a        0x8 contiki-sky.a(framer-802154.o)
                0x0000ea4a                framer_802154
 .rodata        0x0000ea52       0x16 contiki-sky.a(nullmac.o)
                0x0000ea5a                nullmac_driver
 .rodata        0x0000ea68       0x18 contiki-sky.a(nullrdc.o)
                0x0000ea70                nullrdc_driver
 .rodata        0x0000ea80        0x8 contiki-sky.a(linkaddr.o)
                0x0000ea80                linkaddr_null
 .rodata        0x0000ea88       0x14 contiki-sky.a(nullsec.o)
                0x0000ea90                nullsec_driver
 .rodata        0x0000ea9c        0x2 contiki-sky.a(frame802154.o)
 .rodata        0x0000ea9e        0x7 /usr/lib/gcc/msp430/4.6.3/../../../../msp430/lib/mmpy-16/libc.a(vuprintf.o)
                0x0000eaa6                . = ALIGN (0x2)
 *fill*         0x0000eaa5        0x1 00
                0x0000eaa6                _etext = .

.data           0x00001100       0xee load address 0x0000eaa6
                0x00001100                . = ALIGN (0x2)
                0x00001100                PROVIDE (__data_start, .)
 *(.data .data.* .gnu.linkonce.d.*)
 .data          0x00001100       0x1a main_core.co
                0x00001100                init_system_process
 .data          0x0000111a        0xe obj_sky/mqtt_sn.o
                0x0000111a                mqtt_sn_main
 .data          0x00001128        0x4 contiki-sky.a(contiki-sky-pla)
                0x00001128                sensors
 .data          0x0000112c        0xa contiki-sky.a(sensors.o)
                0x0000112c                sensors_process
 .data          0x00001136        0xa contiki-sky.a(cc2420.o)
                0x00001136                cc2420_process
 .data          0x00001140        0x2 contiki-sky.a(msp430.o)
 .data          0x00001142        0xa contiki-sky.a(ctimer.o)
                0x00001142                ctimer_process
 .data          0x0000114c        0xa contiki-sky.a(etimer.o)
                0x0000114c                etimer_process
 .data          0x00001156        0xa contiki-sky.a(uip-ds6-nbr.o)
                0x00001156                ds6_neighbors
 .data          0x00001160       0x20 contiki-sky.a(uip-ds6-route.o)
 .data          0x00001180        0xc contiki-sky.a(uip-icmp6.o)
 .data          0x0000118c        0xa contiki-sky.a(simple-udp.o)
                0x0000118c                simple_udp_process
 .data          0x00001196        0xa contiki-sky.a(tcpip.o)
                0x00001196                tcpip_process
 .data          0x000011a0        0xa contiki-sky.a(rpl-dag.o)
                0x000011a0                rpl_parents
 .data          0x000011aa       0x1a contiki-sky.a(rpl-icmp6.o)
 .data          0x000011c4        0xe contiki-sky.a(rpl-mrhof.o)
                0x000011c4                rpl_mrhof
 .data          0x000011d2        0x8 contiki-sky.a(nbr-table.o)
 .data          0x000011da       0x10 contiki-sky.a(queuebuf.o)
 .data          0x000011ea        0x4 /usr/lib/gcc/msp430/4.6.3/../../../../msp430/lib/mmpy-16/libc.a(rand.o)
                0x000011ee                . = ALIGN (0x2)
                0x000011ee                _edata = .
                0x0000eaa6                PROVIDE (__data_load_start, LOADADDR (.data))
                0x000000ee                PROVIDE (__data_size, SIZEOF (.data))

.bss            0x000011ee     0x1af4 load address 0x0000eb94
                0x000011ee                PROVIDE (__bss_start, .)
 *(.bss .bss.*)
 .bss           0x000011ee       0x4c main_core.co
 .bss           0x0000123a      0x2fc obj_sky/mqtt_sn.o
 .bss           0x00001536        0xc obj_sky/contiki-sky-main.o
 .bss           0x00001542        0x8 contiki-sky.a(button-sensor.o)
 .bss           0x0000154a        0x2 contiki-sky.a(node-id.o)
                0x0000154a                node_id
 .bss           0x0000154c        0x6 contiki-sky.a(sensors.o)
 .bss           0x00001552        0x8 contiki-sky.a(cc2420.o)
 .bss           0x0000155a       0x9a contiki-sky.a(uart1.o)
 .bss           0x000015f4        0xa contiki-sky.a(clock.o)
 .bss           0x000015fe        0x1 contiki-sky.a(leds.o)
 *fill*         0x000015ff        0x1 00
 .bss           0x00001600        0x2 contiki-sky.a(watchdog.o)
 .bss           0x00001602        0x4 contiki-sky.a(ctimer.o)
 .bss           0x00001606        0x6 contiki-sky.a(etimer.o)
 .bss           0x0000160c       0x42 contiki-sky.a(process.o)
                0x0000160c                process_current
                0x0000160e                process_list
 .bss           0x0000164e        0x2 contiki-sky.a(rtimer.o)
 .bss           0x00001650      0x124 contiki-sky.a(sicslowpan.o)
 .bss           0x00001774        0xa contiki-sky.a(uip6.o)
                0x00001774                uip_ext_opt_offset
                0x00001776                uip_ext_len
                0x00001778                uip_ext_bitmap
 .bss           0x0000177e       0x18 contiki-sky.a(uip-ds6.o)
 .bss           0x00001796      0x2f8 contiki-sky.a(uip-ds6-nbr.o)
 .bss           0x00001a8e      0x362 contiki-sky.a(uip-ds6-route.o)
 .bss           0x00001df0       0x14 contiki-sky.a(uip-icmp6.o)
 .bss           0x00001e04       0xf2 contiki-sky.a(simple-udp.o)
 .bss           0x00001ef6        0xe contiki-sky.a(tcpip.o)
 .bss           0x00001f04        0x2 contiki-sky.a(rpl.o)
 .bss           0x00001f06       0xf0 contiki-sky.a(rpl-dag.o)
 .bss           0x00001ff6       0x18 contiki-sky.a(rpl-timers.o)
 .bss           0x0000200e        0x2 contiki-sky.a(framer-802154.o)
 .bss           0x00002010      0x118 contiki-sky.a(nbr-table.o)
 .bss           0x00002128       0xb8 contiki-sky.a(packetbuf.o)
 .bss           0x000021e0      0x5a0 contiki-sky.a(queuebuf.o)
 .bss           0x00002780        0x1 /usr/lib/gcc/msp430/4.6.3/../../../../msp430/lib/mmpy-16/libc.a(malloc.o)
 *fill*         0x00002781        0x1 00
 .bss           0x00002782        0x4 /usr/lib/gcc/msp430/4.6.3/../../../../msp430/lib/mmpy-16/libc.a(sprintf.o)
 *(COMMON)
 COMMON         0x00002786       0x2c main_core.co
                0x00002786                mqtt_sn_connection
                0x000027ae                mqtt_queue_last
                0x000027b0                mqtt_queue_first
 COMMON         0x000027b2        0x2 contiki-sky.a(contiki-sky-pla)
                0x000027b2                sensors_flags
 COMMON         0x000027b4        0x8 contiki-sky.a(ds2411.o)
                0x000027b4                ds2411_id
 COMMON         0x000027bc        0x1 contiki-sky.a(sensors.o)
                0x000027bc                sensors_event
 *fill*         0x000027bd        0x1 00
 COMMON         0x000027be       0x10 contiki-sky.a(cc2420.o)
                0x000027be                cc2420_last_rssi
                0x000027c0                cc2420_sfd_start_time
                0x000027c2                cc2420_time_of_departure
                0x000027c4                cc2420_time_of_arrival
                0x000027c6                cc2420_last_correlation
                0x000027c8                cc2420_authority_level_of_sender
                0x000027ca                cc2420_sfd_counter
                0x000027cc                cc2420_sfd_end_time
 COMMON         0x000027ce        0x2 contiki-sky.a(msp430.o)
                0x000027ce                msp430_dco_required
 COMMON         0x000027d0       0x56 contiki-sky.a(energest.o)
                0x000027d0                energest_total_time
                0x00002800                energest_total_count
                0x00002802                energest_current_mode
                0x0000280e                energest_current_time
 COMMON         0x00002826        0x1 contiki-sky.a(process.o)
                0x00002826                process_maxevents
 *fill*         0x00002827        0x1 00
 COMMON         0x00002828        0x8 contiki-sky.a(sicslowpan.o)
                0x00002828                frag_sender
 COMMON         0x00002830      0x240 contiki-sky.a(uip6.o)
                0x00002830                uip_len
                0x00002832                uip_sappdata
                0x00002834                uip_lladdr
                0x0000283c                uip_aligned_buf
                0x0000292c                uip_flags
                0x0000292e                uip_next_hdr
                0x00002930                uip_udp_conn
                0x00002932                uip_appdata
                0x00002934                uip_conn
                0x00002936                uip_slen
                0x00002938                uip_udp_conns
 COMMON         0x00002a70      0x15c contiki-sky.a(uip-ds6.o)
                0x00002a70                uip_ds6_timer_ra
                0x00002a78                uip_ds6_if
                0x00002b64                uip_ds6_netif_addr_list_offset
                0x00002b65                uip_ds6_addr_size
                0x00002b66                uip_ds6_prefix_list
                0x00002bc0                uip_ds6_timer_periodic
 COMMON         0x00002bcc        0x1 contiki-sky.a(tcpip.o)
                0x00002bcc                tcpip_event
 *fill*         0x00002bcd        0x1 00
 COMMON         0x00002bce       0xde contiki-sky.a(rpl-dag.o)
                0x00002bce                default_instance
                0x00002bd0                instance_table
 COMMON         0x00002cac        0x8 contiki-sky.a(linkaddr.o)
                0x00002cac                linkaddr_node_addr
 COMMON         0x00002cb4       0x2e contiki-sky.a(packetbuf.o)
                0x00002cb4                packetbuf_addrs
                0x00002cc4                packetbuf_attrs
                0x00002ce2                . = ALIGN (0x2)
                0x00002ce2                PROVIDE (__bss_end, .)
                0x00001af4                PROVIDE (__bss_size, SIZEOF (.bss))

.noinit         0x00002ce2        0x2 load address 0x0000eb94
                0x00002ce2                PROVIDE (__noinit_start, .)
 *(.noinit .noinit.*)
 .noinit.crt0   0x00002ce2        0x2 /usr/lib/gcc/msp430/4.6.3/mmpy-16/libcrt0.a(__watchdog_support.o)
                0x00002ce2                __wdt_clear_value
                0x00002ce4                . = ALIGN (0x2)
                0x00002ce4                PROVIDE (__noinit_end, .)
                0x00002ce4                . = ALIGN (0x2)
                0x00002ce4                _end = .

.infomem        0x00001000        0x0
 *(.infomem)
                0x00001000                . = ALIGN (0x2)
 *(.infomem.*)

.infomemnobits  0x00001000        0x0
 *(.infomemnobits)
                0x00001000                . = ALIGN (0x2)
 *(.infomemnobits.*)

.infoa
 *(.infoa .infoa.*)

.infob
 *(.infob .infob.*)

.infoc
 *(.infoc .infoc.*)

.infod
 *(.infod .infod.*)

.vectors        0x0000ffe0       0x20
                0x0000ffe0                PROVIDE (__vectors_start, .)
 *(.vectors*)
 .vectors       0x0000ffe0       0x20 /usr/lib/gcc/msp430/4.6.3/mmpy-16/crt0ivtbl16.o
                0x0000ffe0                __ivtbl_16
                0x00010000                _vectors_end = .

.fartext        0x00000000        0x0
                0x00000000                . = ALIGN (0x2)
 *(.fartext)
                0x00000000                . = ALIGN (0x2)
 *(.fartext.*)
                0x00000000                _efartext = .

.profiler
 *(.profiler)

.stab           0x00000000    0x272e8
 *(.stab)
 .stab          0x00000000     0x1854 main_core.co
 .stab          0x00001854     0x2bc8 obj_sky/mqtt_sn.o
                               0x3768 (size before relaxing)
 .stab          0x0000441c     0x129c obj_sky/contiki-sky-main.o
                               0x1b0c (size before relaxing)
 .stab          0x000056b8      0x264 contiki-sky.a(contiki-sky-pla)
                                0x5b8 (size before relaxing)
 .stab          0x0000591c      0x468 contiki-sky.a(button-sensor.o)
                                0x7d4 (size before relaxing)
 .stab          0x00005d84      0x624 contiki-sky.a(ds2411.o)
                                0xb40 (size before relaxing)
 .stab          0x000063a8      0xa38 contiki-sky.a(xmem.o)
                                0xf60 (size before relaxing)
 .stab          0x00006de0      0x2b8 contiki-sky.a(node-id.o)
                                0x4e0 (size before relaxing)
 .stab          0x00007098      0x654 contiki-sky.a(sensors.o)
                                0xb70 (size before relaxing)
 .stab          0x000076ec     0x25e0 contiki-sky.a(cc2420.o)
                               0x2cac (size before relaxing)
 .stab          0x00009ccc      0x7bc contiki-sky.a(cc2420-arch.o)
                               0x1728 (size before relaxing)
 .stab          0x0000a488      0x60c contiki-sky.a(uart1.o)
                                0x960 (size before relaxing)
 .stab          0x0000aa94      0x27c contiki-sky.a(uart1-putchar.o)
                                0x7bc (size before relaxing)
 .stab          0x0000ad10      0x744 contiki-sky.a(msp430.o)
                                0xa98 (size before relaxing)
 .stab          0x0000b454      0x948 contiki-sky.a(clock.o)
                                0xc9c (size before relaxing)
 .stab          0x0000bd9c      0x5dc contiki-sky.a(leds.o)
                                0x828 (size before relaxing)
 .stab          0x0000c378      0x3a8 contiki-sky.a(leds-arch.o)
                                0x6fc (size before relaxing)
 .stab          0x0000c720      0x3fc contiki-sky.a(watchdog.o)
                                0x750 (size before relaxing)
 .stab          0x0000cb1c      0x3cc contiki-sky.a(rtimer-arch.o)
                                0x720 (size before relaxing)
 .stab          0x0000cee8      0x294 contiki-sky.a(autostart.o)
                                0x534 (size before relaxing)
 .stab          0x0000d17c      0x7a4 contiki-sky.a(ctimer.o)
                                0xb10 (size before relaxing)
 .stab          0x0000d920      0x474 contiki-sky.a(energest.o)
                                0x6fc (size before relaxing)
 .stab          0x0000dd94      0xa38 contiki-sky.a(etimer.o)
                                0xd08 (size before relaxing)
 .stab          0x0000e7cc      0xb7c contiki-sky.a(process.o)
                               0x1014 (size before relaxing)
 .stab          0x0000f348      0x3d8 contiki-sky.a(rtimer.o)
                                0x6c0 (size before relaxing)
 .stab          0x0000f720      0x354 contiki-sky.a(timer.o)
                                0x594 (size before relaxing)
 .stab          0x0000fa74      0x7f8 contiki-sky.a(list.o)
                                0x804 (size before relaxing)
 .stab          0x0001026c      0x228 contiki-sky.a(random.o)
                                0x624 (size before relaxing)
 .stab          0x00010494     0x1f20 contiki-sky.a(sicslowpan.o)
                               0x2ee0 (size before relaxing)
 .stab          0x000123b4     0x1518 contiki-sky.a(uip6.o)
                               0x20dc (size before relaxing)
 .stab          0x000138cc     0x13d4 contiki-sky.a(uip-ds6.o)
                               0x1f74 (size before relaxing)
 .stab          0x00014ca0      0xcd8 contiki-sky.a(uip-ds6-nbr.o)
                               0x1710 (size before relaxing)
 .stab          0x00015978     0x1260 contiki-sky.a(uip-ds6-route.o)
                               0x1de8 (size before relaxing)
 .stab          0x00016bd8      0xcf0 contiki-sky.a(uip-icmp6.o)
                               0x1968 (size before relaxing)
 .stab          0x000178c8      0x57c contiki-sky.a(uip-nd6.o)
                               0x1158 (size before relaxing)
 .stab          0x00017e44      0x8c4 contiki-sky.a(simple-udp.o)
                               0x19d4 (size before relaxing)
 .stab          0x00018708      0xd14 contiki-sky.a(tcpip.o)
                               0x1f5c (size before relaxing)
 .stab          0x0001941c      0x444 contiki-sky.a(uip-debug.o)
                                0xbd0 (size before relaxing)
 .stab          0x00019860      0x444 contiki-sky.a(uip-udp-packet.)
                                0xc00 (size before relaxing)
 .stab          0x00019ca4      0xb64 contiki-sky.a(rpl.o)
                               0x17b8 (size before relaxing)
 .stab          0x0001a808     0x2f10 contiki-sky.a(rpl-dag.o)
                               0x3c18 (size before relaxing)
 .stab          0x0001d718      0xa50 contiki-sky.a(rpl-ext-header.)
                               0x180c (size before relaxing)
 .stab          0x0001e168     0x17ac contiki-sky.a(rpl-icmp6.o)
                               0x25b0 (size before relaxing)
 .stab          0x0001f914      0x8ac contiki-sky.a(rpl-mrhof.o)
                               0x159c (size before relaxing)
 .stab          0x000201c0      0xbdc contiki-sky.a(rpl-timers.o)
                               0x18cc (size before relaxing)
 .stab          0x00020d9c      0x930 contiki-sky.a(framer-802154.o)
                                0xf54 (size before relaxing)
 .stab          0x000216cc      0x3fc contiki-sky.a(framer.o)
                                0xc54 (size before relaxing)
 .stab          0x00021ac8      0x96c contiki-sky.a(nullmac.o)
                                0xdd4 (size before relaxing)
 .stab          0x00022434      0x90c contiki-sky.a(nullrdc.o)
                               0x105c (size before relaxing)
 .stab          0x00022d40      0x2c4 contiki-sky.a(linkaddr.o)
                                0x6c0 (size before relaxing)
 .stab          0x00023004      0xd80 contiki-sky.a(nbr-table.o)
                               0x1428 (size before relaxing)
 .stab          0x00023d84      0xdb0 contiki-sky.a(packetbuf.o)
                               0x1ed8 (size before relaxing)
 .stab          0x00024b34      0xaa4 contiki-sky.a(queuebuf.o)
                               0x1bb4 (size before relaxing)
 .stab          0x000255d8      0x66c contiki-sky.a(nullsec.o)
                                0xda4 (size before relaxing)
 .stab          0x00025c44      0x204 contiki-sky.a(spi.o)
                                0x42c (size before relaxing)
 .stab          0x00025e48      0x3c0 contiki-sky.a(stimer.o)
                                0x600 (size before relaxing)
 .stab          0x00026208      0x5c4 contiki-sky.a(memb.o)
                                0xaf8 (size before relaxing)
 .stab          0x000267cc      0x924 contiki-sky.a(frame802154.o)
                               0x10f8 (size before relaxing)
 .stab          0x000270f0      0x1f8 contiki-sky.a(mac.o)
                                0x4ec (size before relaxing)

.stabstr        0x00000000    0x1c6e8
 *(.stabstr)
 .stabstr       0x00000000    0x1c6e8 main_core.co

.stab.excl
 *(.stab.excl)

.stab.exclstr
 *(.stab.exclstr)

.stab.index
 *(.stab.index)

.stab.indexstr
 *(.stab.indexstr)

.comment
 *(.comment)

.debug
 *(.debug)

.line
 *(.line)

.debug_srcinfo
 *(.debug_srcinfo)

.debug_sfnames
 *(.debug_sfnames)

.debug_aranges  0x00000000      0x208
 *(.debug_aranges)
 .debug_aranges
                0x00000000       0x14 /usr/lib/gcc/msp430/4.6.3/mmpy-16/libgcc.a(_mulsi3.o)
 .debug_aranges
                0x00000014       0x14 /usr/lib/gcc/msp430/4.6.3/mmpy-16/libgcc.a(_udivmod16.o)
 .debug_aranges
                0x00000028       0x14 /usr/lib/gcc/msp430/4.6.3/mmpy-16/libgcc.a(_divmod16.o)
 .debug_aranges
                0x0000003c       0x14 /usr/lib/gcc/msp430/4.6.3/mmpy-16/libgcc.a(_udivmod32.o)
 .debug_aranges
                0x00000050       0x14 /usr/lib/gcc/msp430/4.6.3/../../../../msp430/lib/mmpy-16/libc.a(strchr.o)
 .debug_aranges
                0x00000064       0x14 /usr/lib/gcc/msp430/4.6.3/../../../../msp430/lib/mmpy-16/libc.a(strcmp.o)
 .debug_aranges
                0x00000078       0x14 /usr/lib/gcc/msp430/4.6.3/../../../../msp430/lib/mmpy-16/libc.a(strncmp.o)
 .debug_aranges
                0x0000008c       0x14 /usr/lib/gcc/msp430/4.6.3/../../../../msp430/lib/mmpy-16/libc.a(memcmp.o)
 .debug_aranges
                0x000000a0       0x14 /usr/lib/gcc/msp430/4.6.3/../../../../msp430/lib/mmpy-16/libc.a(strcpy.o)
 .debug_aranges
                0x000000b4       0x14 /usr/lib/gcc/msp430/4.6.3/../../../../msp430/lib/mmpy-16/libc.a(strncpy.o)
 .debug_aranges
                0x000000c8       0x14 /usr/lib/gcc/msp430/4.6.3/../../../../msp430/lib/mmpy-16/libc.a(memcpy.o)
 .debug_aranges
                0x000000dc       0x14 /usr/lib/gcc/msp430/4.6.3/../../../../msp430/lib/mmpy-16/libc.a(memmove.o)
 .debug_aranges
                0x000000f0       0x14 /usr/lib/gcc/msp430/4.6.3/../../../../msp430/lib/mmpy-16/libc.a(memset.o)
 .debug_aranges
                0x00000104       0x14 /usr/lib/gcc/msp430/4.6.3/../../../../msp430/lib/mmpy-16/libc.a(malloc.o)
 .debug_aranges
                0x00000118       0x14 /usr/lib/gcc/msp430/4.6.3/../../../../msp430/lib/mmpy-16/libc.a(printf.o)
 .debug_aranges
                0x0000012c       0x14 /usr/lib/gcc/msp430/4.6.3/../../../../msp430/lib/mmpy-16/libc.a(sprintf.o)
 .debug_aranges
                0x00000140       0x14 /usr/lib/gcc/msp430/4.6.3/../../../../msp430/lib/mmpy-16/libc.a(vuprintf.o)
 .debug_aranges
                0x00000154       0x14 /usr/lib/gcc/msp430/4.6.3/../../../../msp430/lib/mmpy-16/libc.a(puts.o)
 .debug_aranges
                0x00000168       0x14 /usr/lib/gcc/msp430/4.6.3/../../../../msp430/lib/mmpy-16/libc.a(rand.o)
 .debug_aranges
                0x0000017c       0x14 /usr/lib/gcc/msp430/4.6.3/mmpy-16/libgcc.a(_udivmod64.o)
 .debug_aranges
                0x00000190       0x14 /usr/lib/gcc/msp430/4.6.3/mmpy-16/libcrt0.a(__watchdog_support.o)
 .debug_aranges
                0x000001a4       0x14 /usr/lib/gcc/msp430/4.6.3/mmpy-16/libcrt0.a(__init_stack.o)
 .debug_aranges
                0x000001b8       0x14 /usr/lib/gcc/msp430/4.6.3/mmpy-16/libcrt0.a(_copy_data.o)
 .debug_aranges
                0x000001cc       0x14 /usr/lib/gcc/msp430/4.6.3/mmpy-16/libcrt0.a(_clear_bss.o)
 .debug_aranges
                0x000001e0       0x14 /usr/lib/gcc/msp430/4.6.3/mmpy-16/libcrt0.a(_endless_loop__.o)
 .debug_aranges
                0x000001f4       0x14 /usr/lib/gcc/msp430/4.6.3/mmpy-16/libcrt0.a(_unexpected_.o)

.debug_pubnames
 *(.debug_pubnames)

.debug_info     0x00000000     0x1c2e
 *(.debug_info)
 .debug_info    0x00000000       0xd6 /usr/lib/gcc/msp430/4.6.3/mmpy-16/libgcc.a(_mulsi3.o)
 .debug_info    0x000000d6       0xd6 /usr/lib/gcc/msp430/4.6.3/mmpy-16/libgcc.a(_udivmod16.o)
 .debug_info    0x000001ac       0xd6 /usr/lib/gcc/msp430/4.6.3/mmpy-16/libgcc.a(_divmod16.o)
 .debug_info    0x00000282       0xd6 /usr/lib/gcc/msp430/4.6.3/mmpy-16/libgcc.a(_udivmod32.o)
 .debug_info    0x00000358       0xa7 /usr/lib/gcc/msp430/4.6.3/../../../../msp430/lib/mmpy-16/libc.a(strchr.o)
 .debug_info    0x000003ff       0xa4 /usr/lib/gcc/msp430/4.6.3/../../../../msp430/lib/mmpy-16/libc.a(strcmp.o)
 .debug_info    0x000004a3       0xbb /usr/lib/gcc/msp430/4.6.3/../../../../msp430/lib/mmpy-16/libc.a(strncmp.o)
 .debug_info    0x0000055e       0xe8 /usr/lib/gcc/msp430/4.6.3/../../../../msp430/lib/mmpy-16/libc.a(memcmp.o)
 .debug_info    0x00000646       0xb6 /usr/lib/gcc/msp430/4.6.3/../../../../msp430/lib/mmpy-16/libc.a(strcpy.o)
 .debug_info    0x000006fc       0xe1 /usr/lib/gcc/msp430/4.6.3/../../../../msp430/lib/mmpy-16/libc.a(strncpy.o)
 .debug_info    0x000007dd      0x113 /usr/lib/gcc/msp430/4.6.3/../../../../msp430/lib/mmpy-16/libc.a(memcpy.o)
 .debug_info    0x000008f0      0x113 /usr/lib/gcc/msp430/4.6.3/../../../../msp430/lib/mmpy-16/libc.a(memmove.o)
 .debug_info    0x00000a03       0xfe /usr/lib/gcc/msp430/4.6.3/../../../../msp430/lib/mmpy-16/libc.a(memset.o)
 .debug_info    0x00000b01      0x151 /usr/lib/gcc/msp430/4.6.3/../../../../msp430/lib/mmpy-16/libc.a(malloc.o)
 .debug_info    0x00000c52      0x105 /usr/lib/gcc/msp430/4.6.3/../../../../msp430/lib/mmpy-16/libc.a(printf.o)
 .debug_info    0x00000d57      0x277 /usr/lib/gcc/msp430/4.6.3/../../../../msp430/lib/mmpy-16/libc.a(sprintf.o)
 .debug_info    0x00000fce      0x565 /usr/lib/gcc/msp430/4.6.3/../../../../msp430/lib/mmpy-16/libc.a(vuprintf.o)